Archive member included to satisfy reference by file (symbol)

platform/libplatform_s.a(system_nrf91.o)
                              secure_fw/CMakeFiles/tfm_s.dir/__/platform/ext/target/nordic_nrf/common/core/startup.o (SystemInit)
platform/libplatform_s.a(exception_info.o)
                              secure_fw/CMakeFiles/tfm_s.dir/__/platform/ext/target/nordic_nrf/common/core/startup_nrf91.o (store_and_dump_context)
platform/libplatform_s.a(uart_stdout.o)
                              platform/libplatform_s.a(exception_info.o) (stdio_init)
platform/libplatform_s.a(tfm_hal_spm_logdev_peripheral.o)
                              platform/libplatform_s.a(exception_info.o) (tfm_hal_output_spm_log)
platform/libplatform_s.a(Driver_USART.o)
                              platform/libplatform_s.a(uart_stdout.o) (Driver_USART0)
platform/libplatform_s.a(nrfx_uarte.o)
                              platform/libplatform_s.a(Driver_USART.o) (nrfx_uarte_init)
platform/libplatform_s.a(nrfx_glue.o)
                              platform/libplatform_s.a(nrfx_uarte.o) (nrfx_critical_section_enter)
platform/libplatform_s.a(spu.o)
                              platform/libplatform_s.a(Driver_USART.o) (spu_peripheral_config_secure)
secure_fw/partitions/lib/runtime/libtfm_sprt.a(crt_memmove.o)
                              platform/libplatform_s.a(nrfx_uarte.o) (memmove)
secure_fw/partitions/lib/runtime/libtfm_sprt.a(crt_memcpy.o)
                              platform/libplatform_s.a(exception_info.o) (memcpy)
secure_fw/partitions/lib/runtime/libtfm_sprt.a(crt_memset.o)
                              c:/ncs/toolchains/0b393f9e1b/opt/zephyr-sdk/arm-zephyr-eabi/bin/../lib/gcc/arm-zephyr-eabi/12.2.0/../../../../arm-zephyr-eabi/lib/thumb/v8-m.main+fp/hard/crt0.o (memset)
secure_fw/partitions/lib/runtime/libtfm_sprt.a(psa_interface_sfn.o)
                              secure_fw/CMakeFiles/tfm_s.dir/partitions/ns_agent_tz/psa_api_veneers_v80m.o (psa_framework_version)
secure_fw/spm/libtfm_spm.a(utilities.o)
                              secure_fw/CMakeFiles/tfm_s.dir/__/platform/ext/target/nordic_nrf/common/core/startup.o (tfm_core_panic)
secure_fw/spm/libtfm_spm.a(spm_log.o)
                              platform/libplatform_s.a(exception_info.o) (spm_log_msgval)
secure_fw/spm/libtfm_spm.a(main.o)
                              c:/ncs/toolchains/0b393f9e1b/opt/zephyr-sdk/arm-zephyr-eabi/bin/../lib/gcc/arm-zephyr-eabi/12.2.0/../../../../arm-zephyr-eabi/lib/thumb/v8-m.main+fp/hard/crt0.o (main)
secure_fw/spm/libtfm_spm.a(spm_ipc.o)
                              secure_fw/spm/libtfm_spm.a(main.o) (tfm_spm_init)
secure_fw/spm/libtfm_spm.a(rom_loader.o)
                              secure_fw/spm/libtfm_spm.a(spm_ipc.o) (load_a_partition_assuredly)
secure_fw/spm/libtfm_spm.a(psa_api.o)
                              secure_fw/partitions/lib/runtime/libtfm_sprt.a(psa_interface_sfn.o) (spm_handle_programmer_errors)
secure_fw/spm/libtfm_spm.a(psa_call_api.o)
                              secure_fw/partitions/lib/runtime/libtfm_sprt.a(psa_interface_sfn.o) (tfm_spm_client_psa_call)
secure_fw/spm/libtfm_spm.a(psa_version_api.o)
                              secure_fw/partitions/lib/runtime/libtfm_sprt.a(psa_interface_sfn.o) (tfm_spm_client_psa_framework_version)
secure_fw/spm/libtfm_spm.a(psa_read_write_skip_api.o)
                              secure_fw/partitions/lib/runtime/libtfm_sprt.a(psa_interface_sfn.o) (tfm_spm_partition_psa_read)
secure_fw/spm/libtfm_spm.a(backend_sfn.o)
                              secure_fw/partitions/lib/runtime/libtfm_sprt.a(psa_interface_sfn.o) (p_current_partition)
secure_fw/spm/libtfm_spm.a(tfm_spm_ns_ctx.o)
                              secure_fw/spm/libtfm_spm.a(backend_sfn.o) (tz_ns_agent_register_client_id_range)
secure_fw/spm/libtfm_spm.a(spm_local_connection.o)
                              secure_fw/spm/libtfm_spm.a(spm_ipc.o) (connection_to_handle)
secure_fw/spm/libtfm_spm.a(tfm_arch_v8m_main.o)
                              secure_fw/spm/libtfm_spm.a(main.o) (tfm_arch_set_secure_exception_priorities)
secure_fw/spm/libtfm_spm.a(ns_agent_tz_v80m.o)
                              secure_fw/CMakeFiles/tfm_s.dir/partitions/ns_agent_tz/load_info_ns_agent_tz.o (ns_agent_tz_main)
secure_fw/spm/libtfm_spm.a(tfm_hal_isolation.o)
                              secure_fw/spm/libtfm_spm.a(spm_ipc.o) (tfm_hal_bind_boundary)
secure_fw/spm/libtfm_spm.a(tfm_hal_platform_common.o)
                              secure_fw/spm/libtfm_spm.a(tfm_spm_ns_ctx.o) (tfm_hal_get_ns_VTOR)
secure_fw/spm/libtfm_spm.a(faults.o)
                              secure_fw/CMakeFiles/tfm_s.dir/__/platform/ext/target/nordic_nrf/common/core/startup_nrf91.o (SPU_IRQHandler)
secure_fw/spm/libtfm_spm.a(target_cfg.o)
                              secure_fw/spm/libtfm_spm.a(tfm_hal_platform_common.o) (enable_fault_handlers)
secure_fw/spm/libtfm_spm.a(tfm_boot_data.o)
[...]
Memory Configuration

Name             Origin             Length             Attributes
FLASH            0x0000000000000000 0x0000000000008000 xr
RAM              0x0000000020000000 0x0000000000008000 rw
*default*        0x0000000000000000 0xffffffffffffffff

Linker script and memory map

LOAD c:/ncs/toolchains/0b393f9e1b/opt/zephyr-sdk/arm-zephyr-eabi/bin/../lib/gcc/arm-zephyr-eabi/12.2.0/thumb/v8-m.main+fp/hard/crti.o
LOAD c:/ncs/toolchains/0b393f9e1b/opt/zephyr-sdk/arm-zephyr-eabi/bin/../lib/gcc/arm-zephyr-eabi/12.2.0/thumb/v8-m.main+fp/hard/crtbegin.o
LOAD c:/ncs/toolchains/0b393f9e1b/opt/zephyr-sdk/arm-zephyr-eabi/bin/../lib/gcc/arm-zephyr-eabi/12.2.0/../../../../arm-zephyr-eabi/lib/thumb/v8-m.main+fp/hard/crt0.o
LOAD secure_fw/CMakeFiles/tfm_s.dir/partitions/ns_agent_tz/psa_api_veneers_v80m.o
LOAD secure_fw/CMakeFiles/tfm_s.dir/__/platform/ext/target/nordic_nrf/common/core/startup.o
LOAD secure_fw/CMakeFiles/tfm_s.dir/__/platform/ext/target/nordic_nrf/common/core/startup_nrf91.o
LOAD secure_fw/CMakeFiles/tfm_s.dir/__/platform/ext/common/faults.o
LOAD secure_fw/CMakeFiles/tfm_s.dir/__/generated/secure_fw/partitions/crypto/auto_generated/load_info_tfm_crypto.o
LOAD secure_fw/CMakeFiles/tfm_s.dir/__/generated/secure_fw/partitions/platform/auto_generated/load_info_tfm_platform.o
LOAD secure_fw/CMakeFiles/tfm_s.dir/partitions/ns_agent_tz/load_info_ns_agent_tz.o
LOAD secure_fw/CMakeFiles/tfm_s.dir/__/platform/ext/common/syscalls_stub.o
LOAD platform/libplatform_s.a
LOAD secure_fw/partitions/lib/runtime/libtfm_sprt.a
LOAD secure_fw/spm/libtfm_spm.a
LOAD secure_fw/partitions/crypto/libtfm_psa_rot_partition_crypto.a
LOAD platform/libplatform_crypto_keys.a
LOAD secure_fw/partitions/crypto/mbedcrypto/nrf_security_src/libcrypto_service_mbedcrypto.a
LOAD secure_fw/partitions/platform/libtfm_psa_rot_partition_platform.a
LOAD secure_fw/partitions/lib/runtime/libtfm_sp_log.a
LOAD secure_fw/partitions/crypto/mbedcrypto/nrf_security_src/libmbedcrypto_base.a
LOAD secure_fw/partitions/crypto/mbedcrypto/nrf_security_src/core/nrf_oberon/liboberon_psa_core.a
LOAD secure_fw/partitions/crypto/mbedcrypto/nrf_security_src/libnrf_security_utils.a
LOAD secure_fw/partitions/crypto/mbedcrypto/nrf_security_src/drivers/nrf_oberon/liboberon_psa_driver.a
LOAD C:/ncs/v3.0.0/nrfxlib/crypto/nrf_oberon/lib/cortex-m33/hard-float/liboberon_mbedtls_3.0.16.a
LOAD platform/libplatform_s.a
LOAD secure_fw/partitions/lib/runtime/libtfm_sprt.a
LOAD secure_fw/spm/libtfm_spm.a
LOAD secure_fw/partitions/crypto/libtfm_psa_rot_partition_crypto.a
LOAD platform/libplatform_crypto_keys.a
LOAD secure_fw/partitions/crypto/mbedcrypto/nrf_security_src/libcrypto_service_mbedcrypto.a
LOAD secure_fw/partitions/platform/libtfm_psa_rot_partition_platform.a
LOAD secure_fw/partitions/lib/runtime/libtfm_sp_log.a
LOAD secure_fw/partitions/crypto/mbedcrypto/nrf_security_src/libmbedcrypto_base.a
LOAD secure_fw/partitions/crypto/mbedcrypto/nrf_security_src/core/nrf_oberon/liboberon_psa_core.a
LOAD secure_fw/partitions/crypto/mbedcrypto/nrf_security_src/libnrf_security_utils.a
LOAD secure_fw/partitions/crypto/mbedcrypto/nrf_security_src/drivers/nrf_oberon/liboberon_psa_driver.a
LOAD C:/ncs/v3.0.0/nrfxlib/crypto/nrf_oberon/lib/cortex-m33/hard-float/liboberon_mbedtls_3.0.16.a
LOAD platform/libplatform_s.a
LOAD secure_fw/partitions/lib/runtime/libtfm_sprt.a
LOAD secure_fw/spm/libtfm_spm.a
LOAD secure_fw/partitions/crypto/libtfm_psa_rot_partition_crypto.a
LOAD platform/libplatform_crypto_keys.a
LOAD secure_fw/partitions/crypto/mbedcrypto/nrf_security_src/libcrypto_service_mbedcrypto.a
LOAD secure_fw/partitions/platform/libtfm_psa_rot_partition_platform.a
LOAD secure_fw/partitions/lib/runtime/libtfm_sp_log.a
LOAD secure_fw/partitions/crypto/mbedcrypto/nrf_security_src/libmbedcrypto_base.a
LOAD secure_fw/partitions/crypto/mbedcrypto/nrf_security_src/core/nrf_oberon/liboberon_psa_core.a
LOAD secure_fw/partitions/crypto/mbedcrypto/nrf_security_src/libnrf_security_utils.a
LOAD secure_fw/partitions/crypto/mbedcrypto/nrf_security_src/drivers/nrf_oberon/liboberon_psa_driver.a
LOAD C:/ncs/v3.0.0/nrfxlib/crypto/nrf_oberon/lib/cortex-m33/hard-float/liboberon_mbedtls_3.0.16.a
LOAD C:/ncs/v3.0.0/nrfxlib/crypto/nrf_cc310_platform/lib/cortex-m33/hard-float/no-interrupts/libnrf_cc310_platform_0.9.19.a
LOAD c:/ncs/toolchains/0b393f9e1b/opt/zephyr-sdk/arm-zephyr-eabi/bin/../lib/gcc/arm-zephyr-eabi/12.2.0/../../../../arm-zephyr-eabi/lib/thumb/v8-m.main+fp/hard\libc_nano.a
LOAD C:/ncs/v3.0.0/nrfxlib/crypto/nrf_oberon/lib/cortex-m33/hard-float/liboberon_3.0.16.a
START GROUP
LOAD c:/ncs/toolchains/0b393f9e1b/opt/zephyr-sdk/arm-zephyr-eabi/bin/../lib/gcc/arm-zephyr-eabi/12.2.0/thumb/v8-m.main+fp/hard\libgcc.a
LOAD c:/ncs/toolchains/0b393f9e1b/opt/zephyr-sdk/arm-zephyr-eabi/bin/../lib/gcc/arm-zephyr-eabi/12.2.0/../../../../arm-zephyr-eabi/lib/thumb/v8-m.main+fp/hard\libc_nano.a
END GROUP
START GROUP
LOAD c:/ncs/toolchains/0b393f9e1b/opt/zephyr-sdk/arm-zephyr-eabi/bin/../lib/gcc/arm-zephyr-eabi/12.2.0/thumb/v8-m.main+fp/hard\libgcc.a
LOAD c:/ncs/toolchains/0b393f9e1b/opt/zephyr-sdk/arm-zephyr-eabi/bin/../lib/gcc/arm-zephyr-eabi/12.2.0/../../../../arm-zephyr-eabi/lib/thumb/v8-m.main+fp/hard\libc_nano.a
LOAD c:/ncs/toolchains/0b393f9e1b/opt/zephyr-sdk/arm-zephyr-eabi/bin/../lib/gcc/arm-zephyr-eabi/12.2.0/../../../../arm-zephyr-eabi/lib/thumb/v8-m.main+fp/hard\libnosys.a
END GROUP
START GROUP
LOAD c:/ncs/toolchains/0b393f9e1b/opt/zephyr-sdk/arm-zephyr-eabi/bin/../lib/gcc/arm-zephyr-eabi/12.2.0/thumb/v8-m.main+fp/hard\libgcc.a
LOAD c:/ncs/toolchains/0b393f9e1b/opt/zephyr-sdk/arm-zephyr-eabi/bin/../lib/gcc/arm-zephyr-eabi/12.2.0/../../../../arm-zephyr-eabi/lib/thumb/v8-m.main+fp/hard\libc_nano.a
LOAD c:/ncs/toolchains/0b393f9e1b/opt/zephyr-sdk/arm-zephyr-eabi/bin/../lib/gcc/arm-zephyr-eabi/12.2.0/../../../../arm-zephyr-eabi/lib/thumb/v8-m.main+fp/hard\libnosys.a
END GROUP
LOAD c:/ncs/toolchains/0b393f9e1b/opt/zephyr-sdk/arm-zephyr-eabi/bin/../lib/gcc/arm-zephyr-eabi/12.2.0/thumb/v8-m.main+fp/hard/crtend.o
LOAD c:/ncs/toolchains/0b393f9e1b/opt/zephyr-sdk/arm-zephyr-eabi/bin/../lib/gcc/arm-zephyr-eabi/12.2.0/thumb/v8-m.main+fp/hard/crtn.o
                0x0000000000000800                __msp_stack_size__ = 0x800
                0x0000000000000000                Image$$PT_RO_START$$Base = ADDR (.TFM_VECTORS)

.TFM_VECTORS    0x0000000000000000      0x144
                0x0000000000000000                __vectors_start__ = .
 *(.vectors)
 .vectors       0x0000000000000000      0x144 secure_fw/CMakeFiles/tfm_s.dir/__/platform/ext/target/nordic_nrf/common/core/startup_nrf91.o
                0x0000000000000000                __Vectors
                0x0000000000000144                . = ALIGN (0x4)
                0x0000000000000144                __vectors_end__ = .
                0x0000000000000001                ASSERT ((__vectors_start__ != __vectors_end__), .vectors should not be empty)
                0x0000000000000001                ASSERT ((. <= (ADDR (.TFM_VECTORS) + 0x144)), .TFM_VECTORS section size overflow.)
                0x0000000000000144                . = (ADDR (.TFM_VECTORS) + 0x144)

.TFM_SP_LOAD_LIST
                0x0000000000000144       0xd4
 *(.part_load_priority_00)
 .part_load_priority_00
                0x0000000000000144       0x38 secure_fw/CMakeFiles/tfm_s.dir/partitions/ns_agent_tz/load_info_ns_agent_tz.o
                0x0000000000000144                tfm_sp_ns_agent_tz_load
 *(.part_load_priority_01)
 *(.part_load_priority_02)
 .part_load_priority_02
                0x000000000000017c       0x50 secure_fw/CMakeFiles/tfm_s.dir/__/generated/secure_fw/partitions/crypto/auto_generated/load_info_tfm_crypto.o
                0x000000000000017c                tfm_sp_crypto_load
 .part_load_priority_02
                0x00000000000001cc       0x4c secure_fw/CMakeFiles/tfm_s.dir/__/generated/secure_fw/partitions/platform/auto_generated/load_info_tfm_platform.o
                0x00000000000001cc                tfm_sp_platform_load
 *(.part_load_priority_03)
                0x0000000000000144                Image$$TFM_SP_LOAD_LIST$$RO$$Base = ADDR (.TFM_SP_LOAD_LIST)
                0x0000000000000218                Image$$TFM_SP_LOAD_LIST$$RO$$Limit = (ADDR (.TFM_SP_LOAD_LIST) + SIZEOF (.TFM_SP_LOAD_LIST))
                0x0000000000000220                . = ALIGN (0x20)
                0x0000000000000220                Image$$TFM_PSA_CODE_START$$Base = .

.TFM_PSA_ROT_LINKER
                0x0000000000000220      0x420
 *tfm_psa_rot_partition*:(SORT_BY_ALIGNMENT(.text*))
 .text.tfm_crypto_clear_scratch
                0x0000000000000220       0x20 secure_fw/partitions/crypto/libtfm_psa_rot_partition_crypto.a(crypto_init.o)
 .text.tfm_crypto_api_dispatcher
                0x0000000000000240       0xb0 secure_fw/partitions/crypto/libtfm_psa_rot_partition_crypto.a(crypto_init.o)
                0x0000000000000240                tfm_crypto_api_dispatcher
 .text.tfm_crypto_sfn
                0x00000000000002f0      0x17c secure_fw/partitions/crypto/libtfm_psa_rot_partition_crypto.a(crypto_init.o)
                0x00000000000002f0                tfm_crypto_sfn
 .text.tfm_crypto_init_alloc
                0x000000000000046c       0x14 secure_fw/partitions/crypto/libtfm_psa_rot_partition_crypto.a(crypto_alloc.o)
                0x000000000000046c                tfm_crypto_init_alloc
 .text.tfm_crypto_library_get_info
                0x0000000000000480       0x1c secure_fw/partitions/crypto/libtfm_psa_rot_partition_crypto.a(crypto_library.o)
                0x0000000000000480                tfm_crypto_library_get_info
 .text.tfm_crypto_core_library_init
                0x000000000000049c       0x14 secure_fw/partitions/crypto/libtfm_psa_rot_partition_crypto.a(crypto_library.o)
                0x000000000000049c                tfm_crypto_core_library_init
 .text.tfm_crypto_init
                0x00000000000004b0       0x1c secure_fw/partitions/crypto/libtfm_psa_rot_partition_crypto.a(crypto_init.o)
                0x00000000000004b0                tfm_crypto_init
 .text.tfm_crypto_cipher_interface
                0x00000000000004cc        0x6 secure_fw/partitions/crypto/libtfm_psa_rot_partition_crypto.a(crypto_cipher.o)
                0x00000000000004cc                tfm_crypto_cipher_interface
 .text.tfm_crypto_hash_interface
                0x00000000000004d2        0x6 secure_fw/partitions/crypto/libtfm_psa_rot_partition_crypto.a(crypto_hash.o)
                0x00000000000004d2                tfm_crypto_hash_interface
 .text.tfm_crypto_mac_interface
                0x00000000000004d8        0x6 secure_fw/partitions/crypto/libtfm_psa_rot_partition_crypto.a(crypto_mac.o)
                0x00000000000004d8                tfm_crypto_mac_interface
 .text.tfm_crypto_aead_interface
                0x00000000000004de        0x6 secure_fw/partitions/crypto/libtfm_psa_rot_partition_crypto.a(crypto_aead.o)
                0x00000000000004de                tfm_crypto_aead_interface
 .text.tfm_crypto_asymmetric_sign_interface
                0x00000000000004e4        0x6 secure_fw/partitions/crypto/libtfm_psa_rot_partition_crypto.a(crypto_asymmetric.o)
                0x00000000000004e4                tfm_crypto_asymmetric_sign_interface
 .text.tfm_crypto_asymmetric_encrypt_interface
                0x00000000000004ea        0x6 secure_fw/partitions/crypto/libtfm_psa_rot_partition_crypto.a(crypto_asymmetric.o)
                0x00000000000004ea                tfm_crypto_asymmetric_encrypt_interface
 .text.tfm_crypto_key_derivation_interface
                0x00000000000004f0        0x6 secure_fw/partitions/crypto/libtfm_psa_rot_partition_crypto.a(crypto_key_derivation.o)
                0x00000000000004f0                tfm_crypto_key_derivation_interface
 .text.tfm_crypto_key_management_interface
                0x00000000000004f6        0x6 secure_fw/partitions/crypto/libtfm_psa_rot_partition_crypto.a(crypto_key_management.o)
                0x00000000000004f6                tfm_crypto_key_management_interface
 .text.tfm_crypto_random_interface
                0x00000000000004fc        0x8 secure_fw/partitions/crypto/libtfm_psa_rot_partition_crypto.a(crypto_rng.o)
                0x00000000000004fc                tfm_crypto_random_interface
 .text.tfm_crypto_pake_interface
                0x0000000000000504        0x6 secure_fw/partitions/crypto/libtfm_psa_rot_partition_crypto.a(crypto_pake.o)
                0x0000000000000504                tfm_crypto_pake_interface
 .text.tfm_platform_service_sfn
                0x000000000000050a      0x114 secure_fw/partitions/platform/libtfm_psa_rot_partition_platform.a(platform_sp.o)
                0x000000000000050a                tfm_platform_service_sfn
 .text.platform_sp_init
                0x000000000000061e        0x4 secure_fw/partitions/platform/libtfm_psa_rot_partition_platform.a(platform_sp.o)
                0x000000000000061e                platform_sp_init
 *tfm_psa_rot_partition*:(SORT_BY_ALIGNMENT(.rodata*))
 .rodata.tfm_crypto_library_get_info.str1.1
                0x0000000000000622        0xf secure_fw/partitions/crypto/libtfm_psa_rot_partition_crypto.a(crypto_library.o)
 *(TFM_*_PSA-ROT_ATTR_FN)
                0x0000000000000640                . = ALIGN (0x20)
 *fill*         0x0000000000000631        0xf 
                0x0000000000000220                Image$$TFM_PSA_ROT_LINKER$$RO$$Base = ADDR (.TFM_PSA_ROT_LINKER)
                0x0000000000000640                Image$$TFM_PSA_ROT_LINKER$$RO$$Limit = (ADDR (.TFM_PSA_ROT_LINKER) + SIZEOF (.TFM_PSA_ROT_LINKER))
                0x0000000000000220                Image$$TFM_PSA_ROT_LINKER$$Base = ADDR (.TFM_PSA_ROT_LINKER)
                0x0000000000000640                Image$$TFM_PSA_ROT_LINKER$$Limit = (ADDR (.TFM_PSA_ROT_LINKER) + SIZEOF (.TFM_PSA_ROT_LINKER))
                0x0000000000000640                Image$$TFM_PSA_CODE_END$$Base = .
                0x0000000000000640                Image$$TFM_APP_CODE_START$$Base = .

.TFM_APP_ROT_LINKER
                0x0000000000000640        0x0
 *tfm_app_rot_partition*:(SORT_BY_ALIGNMENT(.text*))
 *tfm_app_rot_partition*:(SORT_BY_ALIGNMENT(.rodata*))
 *(TFM_*_APP-ROT_ATTR_FN)
                0x0000000000000640                . = ALIGN (0x20)
                0x0000000000000640                Image$$TFM_APP_ROT_LINKER$$RO$$Base = ADDR (.TFM_APP_ROT_LINKER)
                0x0000000000000640                Image$$TFM_APP_ROT_LINKER$$RO$$Limit = (ADDR (.TFM_APP_ROT_LINKER) + SIZEOF (.TFM_APP_ROT_LINKER))
                0x0000000000000640                Image$$TFM_APP_ROT_LINKER$$Base = ADDR (.TFM_APP_ROT_LINKER)
                0x0000000000000640                Image$$TFM_APP_ROT_LINKER$$Limit = (ADDR (.TFM_APP_ROT_LINKER) + SIZEOF (.TFM_APP_ROT_LINKER))
                0x0000000000000640                Image$$TFM_APP_CODE_END$$Base = .

.ARM.extab
 *(.ARM.extab* .gnu.linkonce.armextab.*)
                0x0000000000000640                __exidx_start = .

.ARM.exidx      0x0000000000000640        0x8
 *(.ARM.exidx* .gnu.linkonce.armexidx.*)
 .ARM.exidx     0x0000000000000640        0x8 c:/ncs/toolchains/0b393f9e1b/opt/zephyr-sdk/arm-zephyr-eabi/bin/../lib/gcc/arm-zephyr-eabi/12.2.0/../../../../arm-zephyr-eabi/lib/thumb/v8-m.main+fp/hard/crt0.o
                                         0x10 (size before relaxing)
                0x0000000000000648                __exidx_end = .

.ER_TFM_CODE    0x0000000000000648     0x37c7
                0x0000000000000648                . = ALIGN (0x4)
                0x0000000000000648                PROVIDE (__preinit_array_start = .)
 *(.preinit_array)
                0x0000000000000648                PROVIDE (__preinit_array_end = .)
                0x0000000000000648                . = ALIGN (0x4)
                0x0000000000000648                PROVIDE (__init_array_start = .)
 *(SORT_BY_NAME(.init_array.*))
 *(.init_array)
 .init_array    0x0000000000000648        0x4 c:/ncs/toolchains/0b393f9e1b/opt/zephyr-sdk/arm-zephyr-eabi/bin/../lib/gcc/arm-zephyr-eabi/12.2.0/thumb/v8-m.main+fp/hard/crtbegin.o
                0x000000000000064c                PROVIDE (__init_array_end = .)
                0x000000000000064c                . = ALIGN (0x4)
                [!provide]                        PROVIDE (__fini_array_start = .)
 *(SORT_BY_NAME(.fini_array.*))
 *(.fini_array)
 .fini_array    0x000000000000064c        0x4 c:/ncs/toolchains/0b393f9e1b/opt/zephyr-sdk/arm-zephyr-eabi/bin/../lib/gcc/arm-zephyr-eabi/12.2.0/thumb/v8-m.main+fp/hard/crtbegin.o
                [!provide]                        PROVIDE (__fini_array_end = .)
                0x0000000000000650                . = ALIGN (0x4)
                0x0000000000000650                __copy_table_start__ = .
                0x0000000000000650        0x4 LONG 0x7c40 LOADADDR (.TFM_DATA)
                0x0000000000000654        0x4 LONG 0x20001080 ADDR (.TFM_DATA)
                0x0000000000000658        0x4 LONG 0x47 (SIZEOF (.TFM_DATA) / 0x4)
                0x000000000000065c        0x4 LONG 0x7c40 LOADADDR (.TFM_PSA_ROT_LINKER_DATA)
                0x0000000000000660        0x4 LONG 0x20000c20 ADDR (.TFM_PSA_ROT_LINKER_DATA)
                0x0000000000000664        0x4 LONG 0x0 (SIZEOF (.TFM_PSA_ROT_LINKER_DATA) / 0x4)
                0x0000000000000668        0x4 LONG 0x7c40 LOADADDR (.TFM_APP_ROT_LINKER_DATA)
                0x000000000000066c        0x4 LONG 0x20000c00 ADDR (.TFM_APP_ROT_LINKER_DATA)
                0x0000000000000670        0x4 LONG 0x0 (SIZEOF (.TFM_APP_ROT_LINKER_DATA) / 0x4)
                0x0000000000000674                __copy_table_end__ = .
                0x0000000000000674                . = ALIGN (0x4)
                0x0000000000000674                __zero_table_start__ = .
                0x0000000000000674        0x4 LONG 0x2000119c ADDR (.TFM_BSS)
                0x0000000000000678        0x4 LONG 0x5c2 (SIZEOF (.TFM_BSS) / 0x4)
                0x000000000000067c        0x4 LONG 0x20000c20 ADDR (.TFM_PSA_ROT_LINKER_BSS)
                0x0000000000000680        0x4 LONG 0x118 (SIZEOF (.TFM_PSA_ROT_LINKER_BSS) / 0x4)
                0x0000000000000684        0x4 LONG 0x20000c00 ADDR (.TFM_APP_ROT_LINKER_BSS)
                0x0000000000000688        0x4 LONG 0x8 (SIZEOF (.TFM_APP_ROT_LINKER_BSS) / 0x4)
                0x000000000000068c                __zero_table_end__ = .
 *startup*(.text*)
 .text.default_irq_handler
                0x000000000000068c        0x4 secure_fw/CMakeFiles/tfm_s.dir/__/platform/ext/target/nordic_nrf/common/core/startup.o
                0x000000000000068c                default_irq_handler
 .text.Reset_Handler
                0x0000000000000690       0xa4 secure_fw/CMakeFiles/tfm_s.dir/__/platform/ext/target/nordic_nrf/common/core/startup.o
                0x0000000000000690                Reset_Handler
 .text.default_tfm_IRQHandler
                0x0000000000000734       0x1c secure_fw/CMakeFiles/tfm_s.dir/__/platform/ext/target/nordic_nrf/common/core/startup_nrf91.o
                0x0000000000000734                TIMER2_IRQHandler
                0x0000000000000734                DebugMon_Handler
                0x0000000000000734                RTC0_IRQHandler
                0x0000000000000734                SysTick_Handler
                0x0000000000000734                PWM1_IRQHandler
                0x0000000000000734                PendSV_Handler
                0x0000000000000734                NMI_Handler
                0x0000000000000734                PDM_IRQHandler
                0x0000000000000734                default_tfm_IRQHandler
                0x0000000000000734                IPC_IRQHandler
                0x0000000000000734                PWM3_IRQHandler
                0x0000000000000734                FPU_IRQHandler
                0x0000000000000734                EGU3_IRQHandler
                0x0000000000000734                KMU_IRQHandler
                0x0000000000000734                CRYPTOCELL_IRQHandler
                0x0000000000000734                I2S_IRQHandler
                0x0000000000000734                EGU2_IRQHandler
                0x0000000000000734                TIMER0_IRQHandler
                0x0000000000000734                EGU4_IRQHandler
                0x0000000000000734                EGU0_IRQHandler
                0x0000000000000734                GPIOTE1_IRQHandler
                0x0000000000000734                TIMER1_IRQHandler
                0x0000000000000734                PWM2_IRQHandler
                0x0000000000000734                EGU1_IRQHandler
                0x0000000000000734                EGU5_IRQHandler
                0x0000000000000734                UARTE3_SPIM3_SPIS3_TWIM3_TWIS3_IRQHandler
                0x0000000000000734                SAADC_IRQHandler
                0x0000000000000734                GPIOTE0_IRQHandler
                0x0000000000000734                WDT_IRQHandler
                0x0000000000000734                SPIM0_SPIS0_TWIM0_TWIS0_UARTE0_IRQHandler
                0x0000000000000734                SPIM2_SPIS2_TWIM2_TWIS2_UARTE2_IRQHandler
                0x0000000000000734                PWM0_IRQHandler
                0x0000000000000734                RTC1_IRQHandler
                0x0000000000000734                SPIM1_SPIS1_TWIM1_TWIS1_UARTE1_IRQHandler
                0x0000000000000734                CLOCK_POWER_IRQHandler
 *libplatform_s*:(SORT_BY_ALIGNMENT(.text*))
 .text.uicr_HFXOCNT_erased
                0x0000000000000750       0x40 platform/libplatform_s.a(system_nrf91.o)
 .text.uicr_HFXOSRC_erased
                0x0000000000000790       0x3c platform/libplatform_s.a(system_nrf91.o)
 .text.SystemInit
                0x00000000000007cc      0x1e0 platform/libplatform_s.a(system_nrf91.o)
                0x00000000000007cc                SystemInit
 .text.tfm_exception_info_get_context
                0x00000000000009ac        0xc platform/libplatform_s.a(exception_info.o)
                0x00000000000009ac                tfm_exception_info_get_context
 .text.store_and_dump_context
                0x00000000000009b8      0x398 platform/libplatform_s.a(exception_info.o)
                0x00000000000009b8                store_and_dump_context
 .text.stdio_output_string
                0x0000000000000d50       0x40 platform/libplatform_s.a(uart_stdout.o)
                0x0000000000000d50                stdio_output_string
 .text.stdio_init
                0x0000000000000d90       0x30 platform/libplatform_s.a(uart_stdout.o)
                0x0000000000000d90                stdio_init
 .text.stdio_uninit
                0x0000000000000dc0       0x20 platform/libplatform_s.a(uart_stdout.o)
                0x0000000000000dc0                stdio_uninit
 .text.ARM_USART_GetVersion
                0x0000000000000de0       0x20 platform/libplatform_s.a(Driver_USART.o)
 .text.ARM_USART0_GetTxCount
                0x0000000000000e00        0xc platform/libplatform_s.a(Driver_USART.o)
 .text.ARM_USART0_GetRxCount
                0x0000000000000e0c        0xc platform/libplatform_s.a(Driver_USART.o)
 .text.ARM_USART0_Receive
                0x0000000000000e18       0x3c platform/libplatform_s.a(Driver_USART.o)
 .text.ARM_USARTx_Send.constprop.0
                0x0000000000000e54       0x78 platform/libplatform_s.a(Driver_USART.o)
 .text.ARM_USART0_Control
                0x0000000000000ecc      0x178 platform/libplatform_s.a(Driver_USART.o)
 .text.ARM_USART0_Uninitialize
                0x0000000000001044       0x4c platform/libplatform_s.a(Driver_USART.o)
 .text.ARM_USART0_Initialize
                0x0000000000001090       0xa4 platform/libplatform_s.a(Driver_USART.o)
 .text.on_rx_disabled
                0x0000000000001134       0x64 platform/libplatform_s.a(nrfx_uarte.o)
 .text.nrf_gpio_cfg_input.constprop.0
                0x0000000000001198       0x30 platform/libplatform_s.a(nrfx_uarte.o)
 .text.blocking_tx
                0x00000000000011c8      0x1b8 platform/libplatform_s.a(nrfx_uarte.o)
 .text.nrf_gpio_pin_set
                0x0000000000001380       0x18 platform/libplatform_s.a(nrfx_uarte.o)
 .text.nrf_gpio_cfg_output
                0x0000000000001398       0x34 platform/libplatform_s.a(nrfx_uarte.o)
 .text.uarte_configure
                0x00000000000013cc      0x178 platform/libplatform_s.a(nrfx_uarte.o)
 .text.nrf_gpio_cfg_default
                0x0000000000001544       0x34 platform/libplatform_s.a(nrfx_uarte.o)
 .text.nrfx_uarte_init
                0x0000000000001578      0x16c platform/libplatform_s.a(nrfx_uarte.o)
                0x0000000000001578                nrfx_uarte_init
 .text.nrfx_uarte_tx
                0x00000000000016e4       0xd8 platform/libplatform_s.a(nrfx_uarte.o)
                0x00000000000016e4                nrfx_uarte_tx
 .text.nrfx_uarte_tx_abort
                0x00000000000017bc       0xb8 platform/libplatform_s.a(nrfx_uarte.o)
                0x00000000000017bc                nrfx_uarte_tx_abort
 .text.nrfx_uarte_rx_enable
                0x0000000000001874      0x14c platform/libplatform_s.a(nrfx_uarte.o)
                0x0000000000001874                nrfx_uarte_rx_enable
 .text.nrfx_uarte_rx_buffer_set
                0x00000000000019c0      0x190 platform/libplatform_s.a(nrfx_uarte.o)
                0x00000000000019c0                nrfx_uarte_rx_buffer_set
 .text.nrfx_uarte_rx_abort
                0x0000000000001b50      0x150 platform/libplatform_s.a(nrfx_uarte.o)
                0x0000000000001b50                nrfx_uarte_rx_abort
 .text.nrfx_uarte_uninit
                0x0000000000001ca0       0xd0 platform/libplatform_s.a(nrfx_uarte.o)
                0x0000000000001ca0                nrfx_uarte_uninit
 .text.nrfx_uarte_rx_ready
                0x0000000000001d70       0x54 platform/libplatform_s.a(nrfx_uarte.o)
                0x0000000000001d70                nrfx_uarte_rx_ready
 .text.nrfx_uarte_rx
                0x0000000000001dc4       0x84 platform/libplatform_s.a(nrfx_uarte.o)
                0x0000000000001dc4                nrfx_uarte_rx
 .text.nrfx_critical_section_enter
                0x0000000000001e48       0x10 platform/libplatform_s.a(nrfx_glue.o)
                0x0000000000001e48                nrfx_critical_section_enter
 .text.nrfx_critical_section_exit
                0x0000000000001e58       0x14 platform/libplatform_s.a(nrfx_glue.o)
                0x0000000000001e58                nrfx_critical_section_exit
 .text.spu_enable_interrupts
                0x0000000000001e6c       0x10 platform/libplatform_s.a(spu.o)
                0x0000000000001e6c                spu_enable_interrupts
 .text.spu_events_get
                0x0000000000001e7c       0x28 platform/libplatform_s.a(spu.o)
                0x0000000000001e7c                spu_events_get
 .text.spu_clear_events
                0x0000000000001ea4       0x24 platform/libplatform_s.a(spu.o)
                0x0000000000001ea4                spu_clear_events
 .text.spu_regions_reset_unlocked_secure
                0x0000000000001ec8       0x30 platform/libplatform_s.a(spu.o)
                0x0000000000001ec8                spu_regions_reset_unlocked_secure
 .text.spu_regions_flash_config
                0x0000000000001ef8       0x2c platform/libplatform_s.a(spu.o)
                0x0000000000001ef8                spu_regions_flash_config
 .text.spu_regions_sram_config
                0x0000000000001f24       0x34 platform/libplatform_s.a(spu.o)
                0x0000000000001f24                spu_regions_sram_config
 .text.spu_regions_flash_config_non_secure_callable
                0x0000000000001f58       0x30 platform/libplatform_s.a(spu.o)
                0x0000000000001f58                spu_regions_flash_config_non_secure_callable
 .text.spu_regions_sram_get_last_address_in_region
                0x0000000000001f88        0xc platform/libplatform_s.a(spu.o)
                0x0000000000001f88                spu_regions_sram_get_last_address_in_region
 .text.spu_peripheral_config_secure
                0x0000000000001f94       0x1c platform/libplatform_s.a(spu.o)
                0x0000000000001f94                spu_peripheral_config_secure
 .text.spu_peripheral_config_non_secure
                0x0000000000001fb0       0x18 platform/libplatform_s.a(spu.o)
                0x0000000000001fb0                spu_peripheral_config_non_secure
 .text.mpu_armv8m_enable
                0x0000000000001fc8       0x34 platform/libplatform_s.a(mpu_armv8m_drv.o)
                0x0000000000001fc8                mpu_armv8m_enable
 .text.nrf_exception_info_store_context
                0x0000000000001ffc       0x64 platform/libplatform_s.a(nrf_exception_info.o)
                0x0000000000001ffc                nrf_exception_info_store_context
 .text.nrf_exception_info_get_context
                0x0000000000002060        0xc platform/libplatform_s.a(nrf_exception_info.o)
                0x0000000000002060                nrf_exception_info_get_context
 .text.tfm_hal_platform_init
                0x000000000000206c       0x44 platform/libplatform_s.a(tfm_hal_platform.o)
                0x000000000000206c                tfm_hal_platform_init
 .text.ns_fault_service_set_handler
                0x00000000000020b0       0x14 platform/libplatform_s.a(ns_fault_service.o)
                0x00000000000020b0                ns_fault_service_set_handler
 .text.call_ns_callback
                0x00000000000020c4       0xe8 platform/libplatform_s.a(ns_fault_service.o)
                0x00000000000020c4                call_ns_callback
 .text.ns_fault_service_call_handler
                0x00000000000021ac       0x34 platform/libplatform_s.a(ns_fault_service.o)
                0x00000000000021ac                ns_fault_service_call_handler
 .text.tfm_platform_hal_system_reset
                0x00000000000021e0       0x24 platform/libplatform_s.a(tfm_platform_system.o)
                0x00000000000021e0                tfm_platform_hal_system_reset
 .text.tfm_platform_hal_read_service
                0x0000000000002204       0xc0 platform/libplatform_s.a(tfm_platform_hal_ioctl.o)
                0x0000000000002204                tfm_platform_hal_read_service
 .text.nrf91_errata_6
                0x00000000000022c4       0x1e platform/libplatform_s.a(system_nrf91.o)
 .text.nrf91_errata_14
                0x00000000000022e2       0x24 platform/libplatform_s.a(system_nrf91.o)
 .text.tfm_hal_output_spm_log
                0x0000000000002306        0x4 platform/libplatform_s.a(tfm_hal_spm_logdev_peripheral.o)
                0x0000000000002306                tfm_hal_output_spm_log
 .text.ARM_USART_GetCapabilities
                0x000000000000230a        0x4 platform/libplatform_s.a(Driver_USART.o)
 .text.ARM_USART_Transfer
                0x000000000000230e        0x6 platform/libplatform_s.a(Driver_USART.o)
 .text.ARM_USART_GetStatus
                0x0000000000002314        0xc platform/libplatform_s.a(Driver_USART.o)
 .text.ARM_USART_SetModemControl
                0x0000000000002320        0x6 platform/libplatform_s.a(Driver_USART.o)
 .text.ARM_USART_GetModemStatus
                0x0000000000002326        0xc platform/libplatform_s.a(Driver_USART.o)
 .text.ARM_USART0_PowerControl
                0x0000000000002332        0xc platform/libplatform_s.a(Driver_USART.o)
 .text.ARM_USART0_Send
                0x000000000000233e        0x4 platform/libplatform_s.a(Driver_USART.o)
 .text.uart_config_set_uart_pins
                0x0000000000002342       0x3c platform/libplatform_s.a(Driver_USART.o)
                0x0000000000002342                uart_config_set_uart_pins
 .text.is_tx_ready
                0x000000000000237e       0x1a platform/libplatform_s.a(nrfx_uarte.o)
 .text.user_handler
                0x0000000000002398       0x22 platform/libplatform_s.a(nrfx_uarte.o)
 .text.user_handler_on_rx_done
                0x00000000000023ba       0x28 platform/libplatform_s.a(nrfx_uarte.o)
 .text.disable_hw_from_rx
                0x00000000000023e2       0x24 platform/libplatform_s.a(nrfx_uarte.o)
 .text.disable_hw_from_tx
                0x0000000000002406       0x16 platform/libplatform_s.a(nrfx_uarte.o)
 .text.tx_prepare_start.isra.0
                0x000000000000241c       0x7e platform/libplatform_s.a(nrfx_uarte.o)
 .text.spu_regions_flash_get_base_address_in_region
                0x000000000000249a        0x4 platform/libplatform_s.a(spu.o)
                0x000000000000249a                spu_regions_flash_get_base_address_in_region
 .text.spu_regions_flash_get_last_address_in_region
                0x000000000000249e        0xa platform/libplatform_s.a(spu.o)
                0x000000000000249e                spu_regions_flash_get_last_address_in_region
 .text.spu_regions_flash_get_start_id
                0x00000000000024a8        0x4 platform/libplatform_s.a(spu.o)
                0x00000000000024a8                spu_regions_flash_get_start_id
 .text.spu_regions_flash_get_last_id
                0x00000000000024ac        0x4 platform/libplatform_s.a(spu.o)
                0x00000000000024ac                spu_regions_flash_get_last_id
 .text.spu_regions_flash_get_region_size
                0x00000000000024b0        0x6 platform/libplatform_s.a(spu.o)
                0x00000000000024b0                spu_regions_flash_get_region_size
 .text.spu_regions_sram_get_base_address_in_region
                0x00000000000024b6        0xa platform/libplatform_s.a(spu.o)
                0x00000000000024b6                spu_regions_sram_get_base_address_in_region
 .text.spu_regions_sram_get_start_id
                0x00000000000024c0        0x4 platform/libplatform_s.a(spu.o)
                0x00000000000024c0                spu_regions_sram_get_start_id
 .text.spu_regions_sram_get_last_id
                0x00000000000024c4        0x4 platform/libplatform_s.a(spu.o)
                0x00000000000024c4                spu_regions_sram_get_last_id
 .text.spu_regions_sram_get_region_size
                0x00000000000024c8        0x6 platform/libplatform_s.a(spu.o)
                0x00000000000024c8                spu_regions_sram_get_region_size
 .text.mpu_armv8m_region_enable
                0x00000000000024ce       0x6a platform/libplatform_s.a(mpu_armv8m_drv.o)
                0x00000000000024ce                mpu_armv8m_region_enable
 .text.mpu_armv8m_region_disable
                0x0000000000002538       0x14 platform/libplatform_s.a(mpu_armv8m_drv.o)
                0x0000000000002538                mpu_armv8m_region_disable
 .text.mpu_armv8m_clean
                0x000000000000254c       0x22 platform/libplatform_s.a(mpu_armv8m_drv.o)
                0x000000000000254c                mpu_armv8m_clean
 .text.tfm_plat_otp_init
                0x000000000000256e        0x4 platform/libplatform_s.a(dummy_otp.o)
                0x000000000000256e                tfm_plat_otp_init
 .text.tfm_hal_system_halt
                0x0000000000002572        0xc platform/libplatform_s.a(tfm_hal_reset_halt.o)
                0x0000000000002572                tfm_hal_system_halt
 .text.tfm_plat_provisioning_is_required
                0x000000000000257e        0x4 platform/libplatform_s.a(dummy_provisioning.o)
                0x000000000000257e                tfm_plat_provisioning_is_required
 .text.tfm_plat_provisioning_perform
                0x0000000000002582        0x4 platform/libplatform_s.a(dummy_provisioning.o)
                0x0000000000002582                tfm_plat_provisioning_perform
 .text.tfm_plat_provisioning_check_for_dummy_keys
                0x0000000000002586        0x2 platform/libplatform_s.a(dummy_provisioning.o)
                0x0000000000002586                tfm_plat_provisioning_check_for_dummy_keys
 .text.tfm_platform_hal_ioctl
                0x0000000000002588       0x7c platform/libplatform_s.a(tfm_platform_system.o)
                0x0000000000002588                tfm_platform_hal_ioctl
 .text.tfm_platform_hal_write32_service
                0x0000000000002604       0x2c platform/libplatform_s.a(tfm_platform_hal_ioctl.o)
                0x0000000000002604                tfm_platform_hal_write32_service
 *libtfm_spm*:(SORT_BY_ALIGNMENT(.text*))
 .text.spm_log_msgval
                0x0000000000002630       0x58 secure_fw/spm/libtfm_spm.a(spm_log.o)
                0x0000000000002630                spm_log_msgval
 .text.startup.main
                0x0000000000002688       0x90 secure_fw/spm/libtfm_spm.a(main.o)
                0x0000000000002688                main
 .text.tfm_spm_get_service_by_sid
                0x0000000000002718       0x2c secure_fw/spm/libtfm_spm.a(spm_ipc.o)
                0x0000000000002718                tfm_spm_get_service_by_sid
 .text.tfm_spm_check_authorization
                0x0000000000002744       0x44 secure_fw/spm/libtfm_spm.a(spm_ipc.o)
                0x0000000000002744                tfm_spm_check_authorization
 .text.spm_init_idle_connection
                0x0000000000002788       0x30 secure_fw/spm/libtfm_spm.a(spm_ipc.o)
                0x0000000000002788                spm_init_idle_connection
 .text.tfm_spm_partition_get_running_partition_id
                0x00000000000027b8       0x14 secure_fw/spm/libtfm_spm.a(spm_ipc.o)
                0x00000000000027b8                tfm_spm_partition_get_running_partition_id
 .text.tfm_spm_is_ns_caller
                0x00000000000027cc       0x20 secure_fw/spm/libtfm_spm.a(spm_ipc.o)
                0x00000000000027cc                tfm_spm_is_ns_caller
 .text.spm_get_idle_connection
                0x00000000000027ec       0x78 secure_fw/spm/libtfm_spm.a(spm_ipc.o)
                0x00000000000027ec                spm_get_idle_connection
 .text.tfm_spm_init
                0x0000000000002864       0x68 secure_fw/spm/libtfm_spm.a(spm_ipc.o)
                0x0000000000002864                tfm_spm_init
 .text.load_a_partition_assuredly
                0x00000000000028cc      0x10c secure_fw/spm/libtfm_spm.a(rom_loader.o)
                0x00000000000028cc                load_a_partition_assuredly
 .text.load_services_assuredly
                0x00000000000029d8       0xb4 secure_fw/spm/libtfm_spm.a(rom_loader.o)
                0x00000000000029d8                load_services_assuredly
 .text.spm_associate_call_params
                0x0000000000002a8c      0x188 secure_fw/spm/libtfm_spm.a(psa_call_api.o)
                0x0000000000002a8c                spm_associate_call_params
 .text.tfm_spm_partition_psa_read
                0x0000000000002c14       0x74 secure_fw/spm/libtfm_spm.a(psa_read_write_skip_api.o)
                0x0000000000002c14                tfm_spm_partition_psa_read
 .text.tfm_spm_partition_psa_write
                0x0000000000002c88       0x74 secure_fw/spm/libtfm_spm.a(psa_read_write_skip_api.o)
                0x0000000000002c88                tfm_spm_partition_psa_write
 .text.spm_init_function
                0x0000000000002cfc       0x4c secure_fw/spm/libtfm_spm.a(backend_sfn.o)
 .text.backend_messaging
                0x0000000000002d48       0x50 secure_fw/spm/libtfm_spm.a(backend_sfn.o)
                0x0000000000002d48                backend_messaging
 .text.backend_replying
                0x0000000000002d98       0x10 secure_fw/spm/libtfm_spm.a(backend_sfn.o)
                0x0000000000002d98                backend_replying
 .text.backend_init_comp_assuredly
                0x0000000000002da8       0x2c secure_fw/spm/libtfm_spm.a(backend_sfn.o)
                0x0000000000002da8                backend_init_comp_assuredly
 .text.backend_system_run
                0x0000000000002dd4       0x5c secure_fw/spm/libtfm_spm.a(backend_sfn.o)
                0x0000000000002dd4                backend_system_run
 .text.tz_ns_agent_register_client_id_range
                0x0000000000002e30        0xc secure_fw/spm/libtfm_spm.a(tfm_spm_ns_ctx.o)
                0x0000000000002e30                tz_ns_agent_register_client_id_range
 .text.tfm_nspm_get_current_client_id
                0x0000000000002e3c       0x14 secure_fw/spm/libtfm_spm.a(tfm_spm_ns_ctx.o)
                0x0000000000002e3c                tfm_nspm_get_current_client_id
 .text.tfm_nspm_ctx_init
                0x0000000000002e50       0x18 secure_fw/spm/libtfm_spm.a(tfm_spm_ns_ctx.o)
                0x0000000000002e50                tfm_nspm_ctx_init
 .text.SVC_Handler
                0x0000000000002e68       0x68 secure_fw/spm/libtfm_spm.a(tfm_arch_v8m_main.o)
                0x0000000000002e68                SVC_Handler
 .text.tfm_arch_set_secure_exception_priorities
                0x0000000000002ed0       0x28 secure_fw/spm/libtfm_spm.a(tfm_arch_v8m_main.o)
                0x0000000000002ed0                tfm_arch_set_secure_exception_priorities
 .text.tfm_arch_config_extensions
                0x0000000000002ef8       0x4c secure_fw/spm/libtfm_spm.a(tfm_arch_v8m_main.o)
                0x0000000000002ef8                tfm_arch_config_extensions
 .text.ns_agent_tz_main
                0x0000000000002f44       0x60 secure_fw/spm/libtfm_spm.a(ns_agent_tz_v80m.o)
                0x0000000000002f44                ns_agent_tz_main
 .text.tfm_hal_bind_boundary
                0x0000000000002fa4       0x78 secure_fw/spm/libtfm_spm.a(tfm_hal_isolation.o)
                0x0000000000002fa4                tfm_hal_bind_boundary
 .text.mpu_init_cfg
                0x000000000000301c       0xf0 secure_fw/spm/libtfm_spm.a(tfm_hal_isolation.o)
                0x000000000000301c                mpu_init_cfg
 .text.tfm_hal_get_ns_VTOR
                0x000000000000310c        0xc secure_fw/spm/libtfm_spm.a(tfm_hal_platform_common.o)
                0x000000000000310c                tfm_hal_get_ns_VTOR
 .text.tfm_hal_get_ns_MSP
                0x0000000000003118        0xc secure_fw/spm/libtfm_spm.a(tfm_hal_platform_common.o)
                0x0000000000003118                tfm_hal_get_ns_MSP
 .text.tfm_hal_get_ns_entry_point
                0x0000000000003124        0xc secure_fw/spm/libtfm_spm.a(tfm_hal_platform_common.o)
                0x0000000000003124                tfm_hal_get_ns_entry_point
 .text.SPU_Handler
                0x0000000000003130       0x3c secure_fw/spm/libtfm_spm.a(faults.o)
                0x0000000000003130                SPU_Handler
 .text.enable_fault_handlers
                0x000000000000316c       0x14 secure_fw/spm/libtfm_spm.a(target_cfg.o)
                0x000000000000316c                enable_fault_handlers
 .text.system_reset_cfg
                0x0000000000003180       0x18 secure_fw/spm/libtfm_spm.a(target_cfg.o)
                0x0000000000003180                system_reset_cfg
 .text.nvic_interrupt_target_state_cfg
                0x0000000000003198       0x40 secure_fw/spm/libtfm_spm.a(target_cfg.o)
                0x0000000000003198                nvic_interrupt_target_state_cfg
 .text.nvic_interrupt_enable
                0x00000000000031d8       0x18 secure_fw/spm/libtfm_spm.a(target_cfg.o)
                0x00000000000031d8                nvic_interrupt_enable
 .text.sau_and_idau_cfg
                0x00000000000031f0       0x20 secure_fw/spm/libtfm_spm.a(target_cfg.o)
                0x00000000000031f0                sau_and_idau_cfg
 .text.spu_init_cfg
                0x0000000000003210       0x7c secure_fw/spm/libtfm_spm.a(target_cfg.o)
                0x0000000000003210                spu_init_cfg
 .text.spu_periph_init_cfg
                0x000000000000328c       0x4c secure_fw/spm/libtfm_spm.a(target_cfg.o)
                0x000000000000328c                spu_periph_init_cfg
 .text.tfm_core_validate_boot_data
                0x00000000000032d8        0xc secure_fw/spm/libtfm_spm.a(tfm_boot_data.o)
                0x00000000000032d8                tfm_core_validate_boot_data
 .text.tfm_core_get_boot_data_handler
                0x00000000000032e4       0x34 secure_fw/spm/libtfm_spm.a(tfm_boot_data.o)
                0x00000000000032e4                tfm_core_get_boot_data_handler
 .text.spm_svc_handler
                0x0000000000003318       0x88 secure_fw/spm/libtfm_spm.a(tfm_svcalls.o)
                0x0000000000003318                spm_svc_handler
 .text.tfm_core_panic
                0x00000000000033a0        0x4 secure_fw/spm/libtfm_spm.a(utilities.o)
                0x00000000000033a0                tfm_core_panic
 .text.tfm_spm_check_client_version
                0x00000000000033a4       0x24 secure_fw/spm/libtfm_spm.a(spm_ipc.o)
                0x00000000000033a4                tfm_spm_check_client_version
 .text.spm_msg_handle_to_connection
                0x00000000000033c8       0x28 secure_fw/spm/libtfm_spm.a(spm_ipc.o)
                0x00000000000033c8                spm_msg_handle_to_connection
 .text.tfm_spm_get_client_id
                0x00000000000033f0       0x20 secure_fw/spm/libtfm_spm.a(spm_ipc.o)
                0x00000000000033f0                tfm_spm_get_client_id
 .text.update_caller_outvec_len
                0x0000000000003410       0x1e secure_fw/spm/libtfm_spm.a(spm_ipc.o)
                0x0000000000003410                update_caller_outvec_len
 .text.load_irqs_assuredly
                0x000000000000342e        0x2 secure_fw/spm/libtfm_spm.a(rom_loader.o)
                0x000000000000342e                load_irqs_assuredly
 .text.spm_handle_programmer_errors
                0x0000000000003430       0x18 secure_fw/spm/libtfm_spm.a(psa_api.o)
                0x0000000000003430                spm_handle_programmer_errors
 .text.tfm_spm_partition_psa_reply
                0x0000000000003448       0x9a secure_fw/spm/libtfm_spm.a(psa_api.o)
                0x0000000000003448                tfm_spm_partition_psa_reply
 .text.tfm_spm_partition_psa_panic
                0x00000000000034e2        0xc secure_fw/spm/libtfm_spm.a(psa_api.o)
                0x00000000000034e2                tfm_spm_partition_psa_panic
 .text.tfm_spm_client_psa_call
                0x00000000000034ee       0x4e secure_fw/spm/libtfm_spm.a(psa_call_api.o)
                0x00000000000034ee                tfm_spm_client_psa_call
 .text.tfm_spm_client_psa_framework_version
                0x000000000000353c        0x6 secure_fw/spm/libtfm_spm.a(psa_version_api.o)
                0x000000000000353c                tfm_spm_client_psa_framework_version
 .text.tfm_spm_client_psa_version
                0x0000000000003542       0x2c secure_fw/spm/libtfm_spm.a(psa_version_api.o)
                0x0000000000003542                tfm_spm_client_psa_version
 .text.connection_to_handle
                0x000000000000356e        0x6 secure_fw/spm/libtfm_spm.a(spm_local_connection.o)
                0x000000000000356e                connection_to_handle
 .text.handle_to_connection
                0x0000000000003574       0x12 secure_fw/spm/libtfm_spm.a(spm_local_connection.o)
                0x0000000000003574                handle_to_connection
 .text.spm_init_connection_space
                0x0000000000003586        0x2 secure_fw/spm/libtfm_spm.a(spm_local_connection.o)
                0x0000000000003586                spm_init_connection_space
 .text.spm_allocate_connection
                0x0000000000003588        0xe secure_fw/spm/libtfm_spm.a(spm_local_connection.o)
                0x0000000000003588                spm_allocate_connection
 .text.spm_validate_connection
                0x0000000000003596        0x4 secure_fw/spm/libtfm_spm.a(spm_local_connection.o)
                0x0000000000003596                spm_validate_connection
 .text.spm_free_connection
                0x000000000000359a        0xc secure_fw/spm/libtfm_spm.a(spm_local_connection.o)
                0x000000000000359a                spm_free_connection
 .text.tfm_arch_clear_fp_data
                0x00000000000035a6       0x8a secure_fw/spm/libtfm_spm.a(tfm_arch_v8m_main.o)
                0x00000000000035a6                tfm_arch_clear_fp_data
 .text.tfm_hal_memory_check
                0x0000000000003630      0x132 secure_fw/spm/libtfm_spm.a(tfm_hal_isolation.o)
                0x0000000000003630                tfm_hal_memory_check
 .text.tfm_hal_set_up_static_boundaries
                0x0000000000003762       0x2a secure_fw/spm/libtfm_spm.a(tfm_hal_isolation.o)
                0x0000000000003762                tfm_hal_set_up_static_boundaries
 .text.tfm_hal_platform_common_init
                0x000000000000378c       0x36 secure_fw/spm/libtfm_spm.a(tfm_hal_platform_common.o)
                0x000000000000378c                tfm_hal_platform_common_init
 .text.SPU_IRQHandler
                0x00000000000037c2       0x1c secure_fw/spm/libtfm_spm.a(faults.o)
                0x00000000000037c2                SPU_IRQHandler
 .text.init_debug
                0x00000000000037de        0x4 secure_fw/spm/libtfm_spm.a(target_cfg.o)
                0x00000000000037de                init_debug
 .text.tfm_arch_free_msp_and_exc_ret
                0x00000000000037e2        0xc secure_fw/spm/libtfm_spm.a(tfm_arch.o)
                0x00000000000037e2                tfm_arch_free_msp_and_exc_ret
 .text.arch_clean_stack_and_launch
                0x00000000000037ee       0x18 secure_fw/spm/libtfm_spm.a(tfm_arch.o)
                0x00000000000037ee                arch_clean_stack_and_launch
 *libplatform_s*:*(.rodata*)
 .rodata.CSWTCH.17
                0x0000000000003806        0x3 platform/libplatform_s.a(system_nrf91.o)
 .rodata.store_and_dump_context.str1.1
                0x0000000000003809      0x394 platform/libplatform_s.a(exception_info.o)
 *fill*         0x0000000000003b9d        0x3 
 .rodata.Driver_USART0
                0x0000000000003ba0       0x38 platform/libplatform_s.a(Driver_USART.o)
                0x0000000000003ba0                Driver_USART0
 .rodata.UART0_pins
                0x0000000000003bd8       0x10 platform/libplatform_s.a(Driver_USART.o)
 .rodata.DriverVersion
                0x0000000000003be8        0x4 platform/libplatform_s.a(Driver_USART.o)
 *fill*         0x0000000000003bec        0x4 
 .rodata.delay_machine_code.0
                0x0000000000003bf0        0x6 platform/libplatform_s.a(nrfx_uarte.o)
 .rodata.nrf_exception_info_store_context.str1.1
                0x0000000000003bf6       0x60 platform/libplatform_s.a(nrf_exception_info.o)
 .rodata.tfm_hal_platform_init.str1.1
                0x0000000000003c56       0x2e platform/libplatform_s.a(tfm_hal_platform.o)
 *libtfm_spm*:*(.rodata*)
 .rodata.HEX_TABLE
                0x0000000000003c84       0x10 secure_fw/spm/libtfm_spm.a(spm_log.o)
 .rodata.main.str1.1
                0x0000000000003c94       0xa4 secure_fw/spm/libtfm_spm.a(main.o)
 .rodata.serv_pool_ea
                0x0000000000003d38        0x4 secure_fw/spm/libtfm_spm.a(rom_loader.o)
 .rodata.part_pool_ea
                0x0000000000003d3c        0x4 secure_fw/spm/libtfm_spm.a(rom_loader.o)
 .rodata.ldinf_ea
                0x0000000000003d40        0x4 secure_fw/spm/libtfm_spm.a(rom_loader.o)
 .rodata.target_peripherals.0
                0x0000000000003d44       0x74 secure_fw/spm/libtfm_spm.a(target_cfg.o)
 .rodata.memory_regions
                0x0000000000003db8       0x1c secure_fw/spm/libtfm_spm.a(target_cfg.o)
                0x0000000000003db8                memory_regions
 .rodata.spm_svc_handler.str1.1
                0x0000000000003dd4       0x3b secure_fw/spm/libtfm_spm.a(tfm_svcalls.o)

.glue_7         0x0000000000003e10        0x0
 .glue_7        0x0000000000003e10        0x0 linker stubs

.glue_7t        0x0000000000003e10        0x0
 .glue_7t       0x0000000000003e10        0x0 linker stubs

.vfp11_veneer   0x0000000000003e10        0x0
 .vfp11_veneer  0x0000000000003e10        0x0 linker stubs

.v4_bx          0x0000000000003e10        0x0
 .v4_bx         0x0000000000003e10        0x0 linker stubs

.iplt           0x0000000000003e10        0x0
 .iplt          0x0000000000003e10        0x0 c:/ncs/toolchains/0b393f9e1b/opt/zephyr-sdk/arm-zephyr-eabi/bin/../lib/gcc/arm-zephyr-eabi/12.2.0/thumb/v8-m.main+fp/hard/crtbegin.o

.TFM_UNPRIV_CODE
                0x0000000000003e20     0x2960
 *(SORT_BY_ALIGNMENT(.text*))
 .text          0x0000000000003e20       0x88 c:/ncs/toolchains/0b393f9e1b/opt/zephyr-sdk/arm-zephyr-eabi/bin/../lib/gcc/arm-zephyr-eabi/12.2.0/thumb/v8-m.main+fp/hard/crtbegin.o
 .text          0x0000000000003ea8       0x7c c:/ncs/toolchains/0b393f9e1b/opt/zephyr-sdk/arm-zephyr-eabi/bin/../lib/gcc/arm-zephyr-eabi/12.2.0/../../../../arm-zephyr-eabi/lib/thumb/v8-m.main+fp/hard/crt0.o
                0x0000000000003ea8                _stack_init
                0x0000000000003eb0                _start
                0x0000000000003eb0                _mainCRTStartup
 .text.tfm_psa_framework_version_veneer
                0x0000000000003f24       0x24 secure_fw/CMakeFiles/tfm_s.dir/partitions/ns_agent_tz/psa_api_veneers_v80m.o
                0x0000000000003f24                __acle_se_tfm_psa_framework_version_veneer
 .text.tfm_psa_version_veneer
                0x0000000000003f48       0x24 secure_fw/CMakeFiles/tfm_s.dir/partitions/ns_agent_tz/psa_api_veneers_v80m.o
                0x0000000000003f48                __acle_se_tfm_psa_version_veneer
 .text.tfm_psa_call_veneer
                0x0000000000003f6c       0x2c secure_fw/CMakeFiles/tfm_s.dir/partitions/ns_agent_tz/psa_api_veneers_v80m.o
                0x0000000000003f6c                __acle_se_tfm_psa_call_veneer
 .text.tfm_psa_connect_veneer
                0x0000000000003f98       0x1c secure_fw/CMakeFiles/tfm_s.dir/partitions/ns_agent_tz/psa_api_veneers_v80m.o
                0x0000000000003f98                __acle_se_tfm_psa_connect_veneer
 .text.tfm_psa_close_veneer
                0x0000000000003fb4       0x14 secure_fw/CMakeFiles/tfm_s.dir/partitions/ns_agent_tz/psa_api_veneers_v80m.o
                0x0000000000003fb4                __acle_se_tfm_psa_close_veneer
 .text.tfm_psa_call_pack
                0x0000000000003fc8       0x54 secure_fw/partitions/lib/runtime/libtfm_sprt.a(psa_interface_sfn.o)
                0x0000000000003fc8                tfm_psa_call_pack
 .text.verify_header
                0x000000000000401c       0x40 secure_fw/partitions/crypto/mbedcrypto/nrf_security_src/libcrypto_service_mbedcrypto.a(memory_buffer_alloc.o)
 .text.verify_chain
                0x000000000000405c       0x3c secure_fw/partitions/crypto/mbedcrypto/nrf_security_src/libcrypto_service_mbedcrypto.a(memory_buffer_alloc.o)
 .text.buffer_alloc_calloc
                0x0000000000004098       0xf4 secure_fw/partitions/crypto/mbedcrypto/nrf_security_src/libcrypto_service_mbedcrypto.a(memory_buffer_alloc.o)
 .text.buffer_alloc_free
                0x000000000000418c       0xe8 secure_fw/partitions/crypto/mbedcrypto/nrf_security_src/libcrypto_service_mbedcrypto.a(memory_buffer_alloc.o)
 .text.mbedtls_memory_buffer_alloc_init
                0x0000000000004274       0x64 secure_fw/partitions/crypto/mbedcrypto/nrf_security_src/libcrypto_service_mbedcrypto.a(memory_buffer_alloc.o)
                0x0000000000004274                mbedtls_memory_buffer_alloc_init
 .text.mbedtls_free
                0x00000000000042d8        0xc secure_fw/partitions/crypto/mbedcrypto/nrf_security_src/core/nrf_oberon/liboberon_psa_core.a(platform.o)
                0x00000000000042d8                mbedtls_free
 .text.mbedtls_platform_set_calloc_free
                0x00000000000042e4       0x14 secure_fw/partitions/crypto/mbedcrypto/nrf_security_src/core/nrf_oberon/liboberon_psa_core.a(platform.o)
                0x00000000000042e4                mbedtls_platform_set_calloc_free
 .text.mbedtls_platform_zeroize
                0x00000000000042f8       0x18 secure_fw/partitions/crypto/mbedcrypto/nrf_security_src/core/nrf_oberon/liboberon_psa_core.a(platform_util.o)
                0x00000000000042f8                mbedtls_platform_zeroize
 .text.mbedcrypto__psa_generate_random
                0x0000000000004310       0x24 secure_fw/partitions/crypto/mbedcrypto/nrf_security_src/core/nrf_oberon/liboberon_psa_core.a(psa_crypto.o)
                0x0000000000004310                mbedcrypto__psa_generate_random
 .text.mbedtls_psa_crypto_free
                0x0000000000004334       0x54 secure_fw/partitions/crypto/mbedcrypto/nrf_security_src/core/nrf_oberon/liboberon_psa_core.a(psa_crypto.o)
                0x0000000000004334                mbedtls_psa_crypto_free
 .text.mbedcrypto__psa_crypto_init
                0x0000000000004388       0x7c secure_fw/partitions/crypto/mbedcrypto/nrf_security_src/core/nrf_oberon/liboberon_psa_core.a(psa_crypto.o)
                0x0000000000004388                mbedcrypto__psa_crypto_init
 .text.psa_initialize_key_slots
                0x0000000000004404       0x10 secure_fw/partitions/crypto/mbedcrypto/nrf_security_src/core/nrf_oberon/liboberon_psa_core.a(psa_crypto_slot_management.o)
                0x0000000000004404                psa_initialize_key_slots
 .text.psa_wipe_all_key_slots
                0x0000000000004414       0x34 secure_fw/partitions/crypto/mbedcrypto/nrf_security_src/core/nrf_oberon/liboberon_psa_core.a(psa_crypto_slot_management.o)
                0x0000000000004414                psa_wipe_all_key_slots
 .text.nrf_cc3xx_platform_init_hmac_drbg
                0x0000000000004448       0x44 C:/ncs/v3.0.0/nrfxlib/crypto/nrf_cc310_platform/lib/cortex-m33/hard-float/no-interrupts/libnrf_cc310_platform_0.9.19.a(nrf_cc3xx_platform.c.obj)
                0x0000000000004448                nrf_cc3xx_platform_init_hmac_drbg
 .text.nrf_cc3xx_platform_hmac_drbg_init
                0x000000000000448c       0x60 C:/ncs/v3.0.0/nrfxlib/crypto/nrf_cc310_platform/lib/cortex-m33/hard-float/no-interrupts/libnrf_cc310_platform_0.9.19.a(nrf_cc3xx_platform_hmac_drbg.c.obj)
                0x000000000000448c                nrf_cc3xx_platform_hmac_drbg_init
 .text.nrf_cc3xx_platform_hmac_drbg_get
                0x00000000000044ec       0x44 C:/ncs/v3.0.0/nrfxlib/crypto/nrf_cc310_platform/lib/cortex-m33/hard-float/no-interrupts/libnrf_cc310_platform_0.9.19.a(nrf_cc3xx_platform_hmac_drbg.c.obj)
                0x00000000000044ec                nrf_cc3xx_platform_hmac_drbg_get
 .text.mbedtls_zeroize_internal
                0x0000000000004530       0x14 C:/ncs/v3.0.0/nrfxlib/crypto/nrf_cc310_platform/lib/cortex-m33/hard-float/no-interrupts/libnrf_cc310_platform_0.9.19.a(mbedtls_common.c.obj)
                0x0000000000004530                mbedtls_zeroize_internal
 .text.cc_mbedtls_platform_zeroize
                0x0000000000004544       0x14 C:/ncs/v3.0.0/nrfxlib/crypto/nrf_cc310_platform/lib/cortex-m33/hard-float/no-interrupts/libnrf_cc310_platform_0.9.19.a(mbedtls_common.c.obj)
                0x0000000000004544                cc_mbedtls_platform_zeroize
 .text.entropy_update
                0x0000000000004558       0x7c C:/ncs/v3.0.0/nrfxlib/crypto/nrf_cc310_platform/lib/cortex-m33/hard-float/no-interrupts/libnrf_cc310_platform_0.9.19.a(custom_entropy.c.obj)
 .text.entropy_gather_internal.part.0
                0x00000000000045d4       0x88 C:/ncs/v3.0.0/nrfxlib/crypto/nrf_cc310_platform/lib/cortex-m33/hard-float/no-interrupts/libnrf_cc310_platform_0.9.19.a(custom_entropy.c.obj)
 .text.cc_mbedtls_entropy_init
                0x000000000000465c       0x84 C:/ncs/v3.0.0/nrfxlib/crypto/nrf_cc310_platform/lib/cortex-m33/hard-float/no-interrupts/libnrf_cc310_platform_0.9.19.a(custom_entropy.c.obj)
                0x000000000000465c                cc_mbedtls_entropy_init
 .text.cc_mbedtls_entropy_func
                0x00000000000046e0      0x110 C:/ncs/v3.0.0/nrfxlib/crypto/nrf_cc310_platform/lib/cortex-m33/hard-float/no-interrupts/libnrf_cc310_platform_0.9.19.a(custom_entropy.c.obj)
                0x00000000000046e0                cc_mbedtls_entropy_func
 .text.cc_hmac_sha256_starts.constprop.0
                0x00000000000047f0      0x108 C:/ncs/v3.0.0/nrfxlib/crypto/nrf_cc310_platform/lib/cortex-m33/hard-float/no-interrupts/libnrf_cc310_platform_0.9.19.a(hmac_drbg_alt.c.obj)
 .text.cc_mbedtls_hmac_drbg_init
                0x00000000000048f8       0x28 C:/ncs/v3.0.0/nrfxlib/crypto/nrf_cc310_platform/lib/cortex-m33/hard-float/no-interrupts/libnrf_cc310_platform_0.9.19.a(hmac_drbg_alt.c.obj)
                0x00000000000048f8                cc_mbedtls_hmac_drbg_init
 .text.cc_mbedtls_hmac_drbg_update
                0x0000000000004920      0x170 C:/ncs/v3.0.0/nrfxlib/crypto/nrf_cc310_platform/lib/cortex-m33/hard-float/no-interrupts/libnrf_cc310_platform_0.9.19.a(hmac_drbg_alt.c.obj)
                0x0000000000004920                cc_mbedtls_hmac_drbg_update
 .text.cc_hmac_drbg_reseed_core
                0x0000000000004a90       0xac C:/ncs/v3.0.0/nrfxlib/crypto/nrf_cc310_platform/lib/cortex-m33/hard-float/no-interrupts/libnrf_cc310_platform_0.9.19.a(hmac_drbg_alt.c.obj)
 .text.cc_mbedtls_hmac_drbg_seed
                0x0000000000004b3c       0x54 C:/ncs/v3.0.0/nrfxlib/crypto/nrf_cc310_platform/lib/cortex-m33/hard-float/no-interrupts/libnrf_cc310_platform_0.9.19.a(hmac_drbg_alt.c.obj)
                0x0000000000004b3c                cc_mbedtls_hmac_drbg_seed
 .text.cc_mbedtls_hmac_drbg_random_with_add
                0x0000000000004b90      0x144 C:/ncs/v3.0.0/nrfxlib/crypto/nrf_cc310_platform/lib/cortex-m33/hard-float/no-interrupts/libnrf_cc310_platform_0.9.19.a(hmac_drbg_alt.c.obj)
                0x0000000000004b90                cc_mbedtls_hmac_drbg_random_with_add
 .text.RndStartupTest.constprop.0
                0x0000000000004cd4       0x98 C:/ncs/v3.0.0/nrfxlib/crypto/nrf_cc310_platform/lib/cortex-m33/hard-float/no-interrupts/libnrf_cc310_platform_0.9.19.a(cc_lib.c.obj)
 .text.CC_LibInit_HMAC_DRBG
                0x0000000000004d6c       0xc0 C:/ncs/v3.0.0/nrfxlib/crypto/nrf_cc310_platform/lib/cortex-m33/hard-float/no-interrupts/libnrf_cc310_platform_0.9.19.a(cc_lib.c.obj)
                0x0000000000004d6c                CC_LibInit_HMAC_DRBG
 .text.CC_HalInit
                0x0000000000004e2c        0x4 C:/ncs/v3.0.0/nrfxlib/crypto/nrf_cc310_platform/lib/cortex-m33/hard-float/no-interrupts/libnrf_cc310_platform_0.9.19.a(cc_hal.c.obj)
                0x0000000000004e2c                CC_HalInit
 .text.CC_HalTerminate
                0x0000000000004e30        0x4 C:/ncs/v3.0.0/nrfxlib/crypto/nrf_cc310_platform/lib/cortex-m33/hard-float/no-interrupts/libnrf_cc310_platform_0.9.19.a(cc_hal.c.obj)
                0x0000000000004e30                CC_HalTerminate
 .text.CC_HalClearInterruptBit
                0x0000000000004e34       0x1c C:/ncs/v3.0.0/nrfxlib/crypto/nrf_cc310_platform/lib/cortex-m33/hard-float/no-interrupts/libnrf_cc310_platform_0.9.19.a(cc_hal.c.obj)
                0x0000000000004e34                CC_HalClearInterruptBit
 .text.CC_HalMaskInterrupt
                0x0000000000004e50        0xc C:/ncs/v3.0.0/nrfxlib/crypto/nrf_cc310_platform/lib/cortex-m33/hard-float/no-interrupts/libnrf_cc310_platform_0.9.19.a(cc_hal.c.obj)
                0x0000000000004e50                CC_HalMaskInterrupt
 .text.CC_HalWaitInterrupt
                0x0000000000004e5c        0xc C:/ncs/v3.0.0/nrfxlib/crypto/nrf_cc310_platform/lib/cortex-m33/hard-float/no-interrupts/libnrf_cc310_platform_0.9.19.a(cc_hal.c.obj)
                0x0000000000004e5c                CC_HalWaitInterrupt
 .text.CC_HalWaitInterruptRND
                0x0000000000004e68        0xc C:/ncs/v3.0.0/nrfxlib/crypto/nrf_cc310_platform/lib/cortex-m33/hard-float/no-interrupts/libnrf_cc310_platform_0.9.19.a(cc_hal.c.obj)
                0x0000000000004e68                CC_HalWaitInterruptRND
 .text.CC_PalInit
                0x0000000000004e74       0x5c C:/ncs/v3.0.0/nrfxlib/crypto/nrf_cc310_platform/lib/cortex-m33/hard-float/no-interrupts/libnrf_cc310_platform_0.9.19.a(cc_pal.c.obj)
                0x0000000000004e74                CC_PalInit
 .text.CC_PalTerminate
                0x0000000000004ed0       0x34 C:/ncs/v3.0.0/nrfxlib/crypto/nrf_cc310_platform/lib/cortex-m33/hard-float/no-interrupts/libnrf_cc310_platform_0.9.19.a(cc_pal.c.obj)
                0x0000000000004ed0                CC_PalTerminate
 .text.CC_PalDmaInit
                0x0000000000004f04        0x4 C:/ncs/v3.0.0/nrfxlib/crypto/nrf_cc310_platform/lib/cortex-m33/hard-float/no-interrupts/libnrf_cc310_platform_0.9.19.a(cc_pal_dma.c.obj)
                0x0000000000004f04                CC_PalDmaInit
 .text.CC_PalDmaTerminate
                0x0000000000004f08        0x4 C:/ncs/v3.0.0/nrfxlib/crypto/nrf_cc310_platform/lib/cortex-m33/hard-float/no-interrupts/libnrf_cc310_platform_0.9.19.a(cc_pal_dma.c.obj)
                0x0000000000004f08                CC_PalDmaTerminate
 .text.CC_PalWaitInterruptRND
                0x0000000000004f0c       0x2c C:/ncs/v3.0.0/nrfxlib/crypto/nrf_cc310_platform/lib/cortex-m33/hard-float/no-interrupts/libnrf_cc310_platform_0.9.19.a(cc_pal_interrupt_ctrl.c.obj)
                0x0000000000004f0c                CC_PalWaitInterruptRND
 .text.CC_PalWaitInterrupt
                0x0000000000004f38       0x18 C:/ncs/v3.0.0/nrfxlib/crypto/nrf_cc310_platform/lib/cortex-m33/hard-float/no-interrupts/libnrf_cc310_platform_0.9.19.a(cc_pal_interrupt_ctrl.c.obj)
                0x0000000000004f38                CC_PalWaitInterrupt
 .text.CC_PalMemCopyPlat
                0x0000000000004f50        0x4 C:/ncs/v3.0.0/nrfxlib/crypto/nrf_cc310_platform/lib/cortex-m33/hard-float/no-interrupts/libnrf_cc310_platform_0.9.19.a(cc_pal_mem.c.obj)
                0x0000000000004f50                CC_PalMemCopyPlat
 .text.CC_PalMemSetZeroPlat
                0x0000000000004f54        0x8 C:/ncs/v3.0.0/nrfxlib/crypto/nrf_cc310_platform/lib/cortex-m33/hard-float/no-interrupts/libnrf_cc310_platform_0.9.19.a(cc_pal_mem.c.obj)
                0x0000000000004f54                CC_PalMemSetZeroPlat
 .text.CC_PalMutexCreate
                0x0000000000004f5c       0x14 C:/ncs/v3.0.0/nrfxlib/crypto/nrf_cc310_platform/lib/cortex-m33/hard-float/no-interrupts/libnrf_cc310_platform_0.9.19.a(cc_pal_mutex.c.obj)
                0x0000000000004f5c                CC_PalMutexCreate
 .text.CC_PalMutexDestroy
                0x0000000000004f70       0x14 C:/ncs/v3.0.0/nrfxlib/crypto/nrf_cc310_platform/lib/cortex-m33/hard-float/no-interrupts/libnrf_cc310_platform_0.9.19.a(cc_pal_mutex.c.obj)
                0x0000000000004f70                CC_PalMutexDestroy
 .text.CC_PalMutexLock
                0x0000000000004f84       0x10 C:/ncs/v3.0.0/nrfxlib/crypto/nrf_cc310_platform/lib/cortex-m33/hard-float/no-interrupts/libnrf_cc310_platform_0.9.19.a(cc_pal_mutex.c.obj)
                0x0000000000004f84                CC_PalMutexLock
 .text.CC_PalMutexUnlock
                0x0000000000004f94       0x14 C:/ncs/v3.0.0/nrfxlib/crypto/nrf_cc310_platform/lib/cortex-m33/hard-float/no-interrupts/libnrf_cc310_platform_0.9.19.a(cc_pal_mutex.c.obj)
                0x0000000000004f94                CC_PalMutexUnlock
 .text.CC_PalPowerSaveModeInit
                0x0000000000004fa8       0x3c C:/ncs/v3.0.0/nrfxlib/crypto/nrf_cc310_platform/lib/cortex-m33/hard-float/no-interrupts/libnrf_cc310_platform_0.9.19.a(cc_pal_pm.c.obj)
                0x0000000000004fa8                CC_PalPowerSaveModeInit
 .text.CC_PalPowerSaveModeSelect
                0x0000000000004fe4       0x84 C:/ncs/v3.0.0/nrfxlib/crypto/nrf_cc310_platform/lib/cortex-m33/hard-float/no-interrupts/libnrf_cc310_platform_0.9.19.a(cc_pal_pm.c.obj)
                0x0000000000004fe4                CC_PalPowerSaveModeSelect
 .text.mutex_init
                0x0000000000005068        0xc C:/ncs/v3.0.0/nrfxlib/crypto/nrf_cc310_platform/lib/cortex-m33/hard-float/no-interrupts/libnrf_cc310_platform_0.9.19.a(threading_alt.c.obj)
                0x0000000000005068                mutex_init
 .text.mutex_lock
                0x0000000000005074        0xc C:/ncs/v3.0.0/nrfxlib/crypto/nrf_cc310_platform/lib/cortex-m33/hard-float/no-interrupts/libnrf_cc310_platform_0.9.19.a(threading_alt.c.obj)
                0x0000000000005074                mutex_lock
 .text.mutex_unlock
                0x0000000000005080        0xc C:/ncs/v3.0.0/nrfxlib/crypto/nrf_cc310_platform/lib/cortex-m33/hard-float/no-interrupts/libnrf_cc310_platform_0.9.19.a(threading_alt.c.obj)
                0x0000000000005080                mutex_unlock
 .text.nrf_cc3xx_platform_abort
                0x000000000000508c       0x24 C:/ncs/v3.0.0/nrfxlib/crypto/nrf_cc310_platform/lib/cortex-m33/hard-float/no-interrupts/libnrf_cc310_platform_0.9.19.a(nrf_cc3xx_platform_abort.c.obj)
 .text.CC_PalAbort
                0x00000000000050b0       0x34 C:/ncs/v3.0.0/nrfxlib/crypto/nrf_cc310_platform/lib/cortex-m33/hard-float/no-interrupts/libnrf_cc310_platform_0.9.19.a(nrf_cc3xx_platform_abort.c.obj)
                0x00000000000050b0                CC_PalAbort
 .text.mutex_free
                0x00000000000050e4       0x34 C:/ncs/v3.0.0/nrfxlib/crypto/nrf_cc310_platform/lib/cortex-m33/hard-float/no-interrupts/libnrf_cc310_platform_0.9.19.a(nrf_cc3xx_platform_mutex.c.obj)
 .text.mutex_lock
                0x0000000000005118       0x48 C:/ncs/v3.0.0/nrfxlib/crypto/nrf_cc310_platform/lib/cortex-m33/hard-float/no-interrupts/libnrf_cc310_platform_0.9.19.a(nrf_cc3xx_platform_mutex.c.obj)
 .text.mutex_unlock
                0x0000000000005160       0x38 C:/ncs/v3.0.0/nrfxlib/crypto/nrf_cc310_platform/lib/cortex-m33/hard-float/no-interrupts/libnrf_cc310_platform_0.9.19.a(nrf_cc3xx_platform_mutex.c.obj)
 .text.mutex_init
                0x0000000000005198       0x20 C:/ncs/v3.0.0/nrfxlib/crypto/nrf_cc310_platform/lib/cortex-m33/hard-float/no-interrupts/libnrf_cc310_platform_0.9.19.a(nrf_cc3xx_platform_mutex.c.obj)
 .text.startTrngHW
                0x00000000000051b8      0x140 C:/ncs/v3.0.0/nrfxlib/crypto/nrf_cc310_platform/lib/cortex-m33/hard-float/no-interrupts/libnrf_cc310_platform_0.9.19.a(llf_rnd_trng90b.c.obj)
 .text.LLF_RND_RepetitionCounterTest
                0x00000000000052f8       0x64 C:/ncs/v3.0.0/nrfxlib/crypto/nrf_cc310_platform/lib/cortex-m33/hard-float/no-interrupts/libnrf_cc310_platform_0.9.19.a(llf_rnd_trng90b.c.obj)
                0x00000000000052f8                LLF_RND_RepetitionCounterTest
 .text.LLF_RND_AdaptiveProportionTest
                0x000000000000535c       0x80 C:/ncs/v3.0.0/nrfxlib/crypto/nrf_cc310_platform/lib/cortex-m33/hard-float/no-interrupts/libnrf_cc310_platform_0.9.19.a(llf_rnd_trng90b.c.obj)
                0x000000000000535c                LLF_RND_AdaptiveProportionTest
 .text.getTrngSource
                0x00000000000053dc      0x2b4 C:/ncs/v3.0.0/nrfxlib/crypto/nrf_cc310_platform/lib/cortex-m33/hard-float/no-interrupts/libnrf_cc310_platform_0.9.19.a(llf_rnd_trng90b.c.obj)
 .text.LLF_RND_GetTrngSource
                0x0000000000005690       0x18 C:/ncs/v3.0.0/nrfxlib/crypto/nrf_cc310_platform/lib/cortex-m33/hard-float/no-interrupts/libnrf_cc310_platform_0.9.19.a(llf_rnd_trng90b.c.obj)
                0x0000000000005690                LLF_RND_GetTrngSource
 .text.LLF_RND_RunTrngStartupTest
                0x00000000000056a8       0x1c C:/ncs/v3.0.0/nrfxlib/crypto/nrf_cc310_platform/lib/cortex-m33/hard-float/no-interrupts/libnrf_cc310_platform_0.9.19.a(llf_rnd_trng90b.c.obj)
                0x00000000000056a8                LLF_RND_RunTrngStartupTest
 .text.mbedtls_hardware_poll
                0x00000000000056c4       0xfc C:/ncs/v3.0.0/nrfxlib/crypto/nrf_cc310_platform/lib/cortex-m33/hard-float/no-interrupts/libnrf_cc310_platform_0.9.19.a(trng_api.c.obj)
                0x00000000000056c4                mbedtls_hardware_poll
 .text.cc_mbedtls_sha256_init
                0x00000000000057c0       0x28 C:/ncs/v3.0.0/nrfxlib/crypto/nrf_cc310_platform/lib/cortex-m33/hard-float/no-interrupts/libnrf_cc310_platform_0.9.19.a(sha256_alt.c.obj)
                0x00000000000057c0                cc_mbedtls_sha256_init
 .text.cc_mbedtls_sha256_free
                0x00000000000057e8        0xc C:/ncs/v3.0.0/nrfxlib/crypto/nrf_cc310_platform/lib/cortex-m33/hard-float/no-interrupts/libnrf_cc310_platform_0.9.19.a(sha256_alt.c.obj)
                0x00000000000057e8                cc_mbedtls_sha256_free
 .text.cc_mbedtls_sha256_starts
                0x00000000000057f4       0x28 C:/ncs/v3.0.0/nrfxlib/crypto/nrf_cc310_platform/lib/cortex-m33/hard-float/no-interrupts/libnrf_cc310_platform_0.9.19.a(sha256_alt.c.obj)
                0x00000000000057f4                cc_mbedtls_sha256_starts
 .text.cc_mbedtls_sha256_update
                0x000000000000581c       0x54 C:/ncs/v3.0.0/nrfxlib/crypto/nrf_cc310_platform/lib/cortex-m33/hard-float/no-interrupts/libnrf_cc310_platform_0.9.19.a(sha256_alt.c.obj)
                0x000000000000581c                cc_mbedtls_sha256_update
 .text.cc_mbedtls_sha256_finish
                0x0000000000005870       0x48 C:/ncs/v3.0.0/nrfxlib/crypto/nrf_cc310_platform/lib/cortex-m33/hard-float/no-interrupts/libnrf_cc310_platform_0.9.19.a(sha256_alt.c.obj)
                0x0000000000005870                cc_mbedtls_sha256_finish
 .text.mbedtls_sha_starts_internal
                0x00000000000058b8       0x28 C:/ncs/v3.0.0/nrfxlib/crypto/nrf_cc310_platform/lib/cortex-m33/hard-float/no-interrupts/libnrf_cc310_platform_0.9.19.a(mbedtls_hash_common.c.obj)
                0x00000000000058b8                mbedtls_sha_starts_internal
 .text.mbedtls_sha_finish_internal
                0x00000000000058e0       0x5c C:/ncs/v3.0.0/nrfxlib/crypto/nrf_cc310_platform/lib/cortex-m33/hard-float/no-interrupts/libnrf_cc310_platform_0.9.19.a(mbedtls_hash_common.c.obj)
                0x00000000000058e0                mbedtls_sha_finish_internal
 .text.mbedtls_sha_update_internal
                0x000000000000593c      0x1ec C:/ncs/v3.0.0/nrfxlib/crypto/nrf_cc310_platform/lib/cortex-m33/hard-float/no-interrupts/libnrf_cc310_platform_0.9.19.a(mbedtls_hash_common.c.obj)
                0x000000000000593c                mbedtls_sha_update_internal
 .text.cc_mbedtls_sha256
                0x0000000000005b28       0x50 C:/ncs/v3.0.0/nrfxlib/crypto/nrf_cc310_platform/lib/cortex-m33/hard-float/no-interrupts/libnrf_cc310_platform_0.9.19.a(sha256.c.obj)
                0x0000000000005b28                cc_mbedtls_sha256
 .text.RNG_PLAT_SetUserRngParameters
                0x0000000000005b78       0x74 C:/ncs/v3.0.0/nrfxlib/crypto/nrf_cc310_platform/lib/cortex-m33/hard-float/no-interrupts/libnrf_cc310_platform_0.9.19.a(cc_rng_plat.c.obj)
                0x0000000000005b78                RNG_PLAT_SetUserRngParameters
 .text.CC_PalTrngParamGet
                0x0000000000005bec      0x114 C:/ncs/v3.0.0/nrfxlib/crypto/nrf_cc310_platform/lib/cortex-m33/hard-float/no-interrupts/libnrf_cc310_platform_0.9.19.a(cc_pal_trng.c.obj)
                0x0000000000005bec                CC_PalTrngParamGet
 .text.LLF_RND_WaitRngInterrupt
                0x0000000000005d00       0x20 C:/ncs/v3.0.0/nrfxlib/crypto/nrf_cc310_platform/lib/cortex-m33/hard-float/no-interrupts/libnrf_cc310_platform_0.9.19.a(llf_rnd.c.obj)
                0x0000000000005d00                LLF_RND_WaitRngInterrupt
 .text.LLF_RND_GetRoscSampleCnt
                0x0000000000005d20       0x34 C:/ncs/v3.0.0/nrfxlib/crypto/nrf_cc310_platform/lib/cortex-m33/hard-float/no-interrupts/libnrf_cc310_platform_0.9.19.a(llf_rnd.c.obj)
                0x0000000000005d20                LLF_RND_GetRoscSampleCnt
 .text.LLF_RND_GetFastestRosc
                0x0000000000005d54       0x20 C:/ncs/v3.0.0/nrfxlib/crypto/nrf_cc310_platform/lib/cortex-m33/hard-float/no-interrupts/libnrf_cc310_platform_0.9.19.a(llf_rnd.c.obj)
                0x0000000000005d54                LLF_RND_GetFastestRosc
 .text.LLF_RND_TurnOffTrng
                0x0000000000005d74       0x18 C:/ncs/v3.0.0/nrfxlib/crypto/nrf_cc310_platform/lib/cortex-m33/hard-float/no-interrupts/libnrf_cc310_platform_0.9.19.a(llf_rnd.c.obj)
                0x0000000000005d74                LLF_RND_TurnOffTrng
 .text.SetDataBuffersInfo
                0x0000000000005d8c       0x68 C:/ncs/v3.0.0/nrfxlib/crypto/nrf_cc310_platform/lib/cortex-m33/hard-float/no-interrupts/libnrf_cc310_platform_0.9.19.a(driver_common.c.obj)
                0x0000000000005d8c                SetDataBuffersInfo
 .text.InitHashDrv
                0x0000000000005df4       0x50 C:/ncs/v3.0.0/nrfxlib/crypto/nrf_cc310_platform/lib/cortex-m33/hard-float/no-interrupts/libnrf_cc310_platform_0.9.19.a(hash_driver.c.obj)
                0x0000000000005df4                InitHashDrv
 .text.ProcessHashDrv
                0x0000000000005e44      0x22c C:/ncs/v3.0.0/nrfxlib/crypto/nrf_cc310_platform/lib/cortex-m33/hard-float/no-interrupts/libnrf_cc310_platform_0.9.19.a(hash_driver.c.obj)
                0x0000000000005e44                ProcessHashDrv
 .text.FinishHashDrv
                0x0000000000006070       0x74 C:/ncs/v3.0.0/nrfxlib/crypto/nrf_cc310_platform/lib/cortex-m33/hard-float/no-interrupts/libnrf_cc310_platform_0.9.19.a(hash_driver.c.obj)
                0x0000000000006070                FinishHashDrv
 .text.CC_PalDataBufferAttrGet
                0x00000000000060e4        0x8 C:/ncs/v3.0.0/nrfxlib/crypto/nrf_cc310_platform/lib/cortex-m33/hard-float/no-interrupts/libnrf_cc310_platform_0.9.19.a(cc_pal_buff_attr.c.obj)
                0x00000000000060e4                CC_PalDataBufferAttrGet
 .text.exit     0x00000000000060ec       0x28 c:/ncs/toolchains/0b393f9e1b/opt/zephyr-sdk/arm-zephyr-eabi/bin/../lib/gcc/arm-zephyr-eabi/12.2.0/../../../../arm-zephyr-eabi/lib/thumb/v8-m.main+fp/hard\libc_nano.a(lib_a-exit.o)
                0x00000000000060ec                exit
 .text.__libc_init_array
                0x0000000000006114       0x48 c:/ncs/toolchains/0b393f9e1b/opt/zephyr-sdk/arm-zephyr-eabi/bin/../lib/gcc/arm-zephyr-eabi/12.2.0/../../../../arm-zephyr-eabi/lib/thumb/v8-m.main+fp/hard\libc_nano.a(lib_a-init.o)
                0x0000000000006114                __libc_init_array
 .text          0x000000000000615c       0xc8 c:/ncs/toolchains/0b393f9e1b/opt/zephyr-sdk/arm-zephyr-eabi/bin/../lib/gcc/arm-zephyr-eabi/12.2.0/thumb/v8-m.main+fp/hard\libgcc.a(cmse.o)
                0x000000000000615c                cmse_check_address_range
 .text._exit    0x0000000000006224        0x4 c:/ncs/toolchains/0b393f9e1b/opt/zephyr-sdk/arm-zephyr-eabi/bin/../lib/gcc/arm-zephyr-eabi/12.2.0/../../../../arm-zephyr-eabi/lib/thumb/v8-m.main+fp/hard\libnosys.a(_exit.o)
                0x0000000000006224                _exit
 .text.clear_caller_context
                0x0000000000006228       0x5c secure_fw/CMakeFiles/tfm_s.dir/partitions/ns_agent_tz/psa_api_veneers_v80m.o
 .text.C_HardFault_Handler
                0x0000000000006284        0x4 secure_fw/CMakeFiles/tfm_s.dir/__/platform/ext/common/faults.o
                0x0000000000006284                C_HardFault_Handler
 .text.HardFault_Handler
                0x0000000000006288       0x1c secure_fw/CMakeFiles/tfm_s.dir/__/platform/ext/common/faults.o
                0x0000000000006288                HardFault_Handler
 .text.C_MemManage_Handler
                0x00000000000062a4        0x4 secure_fw/CMakeFiles/tfm_s.dir/__/platform/ext/common/faults.o
                0x00000000000062a4                C_MemManage_Handler
 .text.MemManage_Handler
                0x00000000000062a8       0x1c secure_fw/CMakeFiles/tfm_s.dir/__/platform/ext/common/faults.o
                0x00000000000062a8                MemManage_Handler
 .text.C_BusFault_Handler
                0x00000000000062c4        0x4 secure_fw/CMakeFiles/tfm_s.dir/__/platform/ext/common/faults.o
                0x00000000000062c4                C_BusFault_Handler
 .text.BusFault_Handler
                0x00000000000062c8       0x1c secure_fw/CMakeFiles/tfm_s.dir/__/platform/ext/common/faults.o
                0x00000000000062c8                BusFault_Handler
 .text.C_SecureFault_Handler
                0x00000000000062e4        0x4 secure_fw/CMakeFiles/tfm_s.dir/__/platform/ext/common/faults.o
                0x00000000000062e4                C_SecureFault_Handler
 .text.SecureFault_Handler
                0x00000000000062e8       0x1c secure_fw/CMakeFiles/tfm_s.dir/__/platform/ext/common/faults.o
                0x00000000000062e8                SecureFault_Handler
 .text.C_UsageFault_Handler
                0x0000000000006304        0x4 secure_fw/CMakeFiles/tfm_s.dir/__/platform/ext/common/faults.o
                0x0000000000006304                C_UsageFault_Handler
 .text.UsageFault_Handler
                0x0000000000006308       0x1c secure_fw/CMakeFiles/tfm_s.dir/__/platform/ext/common/faults.o
                0x0000000000006308                UsageFault_Handler
 .text.memmove  0x0000000000006324       0x6c secure_fw/partitions/lib/runtime/libtfm_sprt.a(crt_memmove.o)
                0x0000000000006324                memmove
 .text.memcpy   0x0000000000006390       0x4a secure_fw/partitions/lib/runtime/libtfm_sprt.a(crt_memcpy.o)
                0x0000000000006390                memcpy
 .text.memset   0x00000000000063da       0x46 secure_fw/partitions/lib/runtime/libtfm_sprt.a(crt_memset.o)
                0x00000000000063da                memset
 .text.psa_framework_version
                0x0000000000006420       0x18 secure_fw/partitions/lib/runtime/libtfm_sprt.a(psa_interface_sfn.o)
                0x0000000000006420                psa_framework_version
 .text.psa_version
                0x0000000000006438       0x1c secure_fw/partitions/lib/runtime/libtfm_sprt.a(psa_interface_sfn.o)
                0x0000000000006438                psa_version
 .text.psa_read
                0x0000000000006454       0x2a secure_fw/partitions/lib/runtime/libtfm_sprt.a(psa_interface_sfn.o)
                0x0000000000006454                psa_read
 .text.psa_write
                0x000000000000647e       0x2a secure_fw/partitions/lib/runtime/libtfm_sprt.a(psa_interface_sfn.o)
                0x000000000000647e                psa_write
 .text.psa_panic
                0x00000000000064a8       0x18 secure_fw/partitions/lib/runtime/libtfm_sprt.a(psa_interface_sfn.o)
                0x00000000000064a8                psa_panic
 .text.platform_calloc_uninit
                0x00000000000064c0        0x4 secure_fw/partitions/crypto/mbedcrypto/nrf_security_src/core/nrf_oberon/liboberon_psa_core.a(platform.o)
 .text.platform_free_uninit
                0x00000000000064c4        0x2 secure_fw/partitions/crypto/mbedcrypto/nrf_security_src/core/nrf_oberon/liboberon_psa_core.a(platform.o)
 .text.mbedtls_zeroize_and_free
                0x00000000000064c6       0x14 secure_fw/partitions/crypto/mbedcrypto/nrf_security_src/core/nrf_oberon/liboberon_psa_core.a(platform_util.o)
                0x00000000000064c6                mbedtls_zeroize_and_free
 .text.psa_remove_key_data_from_memory
                0x00000000000064da       0x16 secure_fw/partitions/crypto/mbedcrypto/nrf_security_src/core/nrf_oberon/liboberon_psa_core.a(psa_crypto.o)
                0x00000000000064da                psa_remove_key_data_from_memory
 .text.psa_wipe_key_slot
                0x00000000000064f0       0x3a secure_fw/partitions/crypto/mbedcrypto/nrf_security_src/core/nrf_oberon/liboberon_psa_core.a(psa_crypto.o)
                0x00000000000064f0                psa_wipe_key_slot
 .text.psa_driver_wrapper_init
                0x000000000000652a        0x4 secure_fw/partitions/crypto/mbedcrypto/nrf_security_src/core/nrf_oberon/liboberon_psa_core.a(psa_crypto_driver_wrappers.o)
                0x000000000000652a                psa_driver_wrapper_init
 .text.psa_driver_wrapper_free
                0x000000000000652e        0x2 secure_fw/partitions/crypto/mbedcrypto/nrf_security_src/core/nrf_oberon/liboberon_psa_core.a(psa_crypto_driver_wrappers.o)
                0x000000000000652e                psa_driver_wrapper_free
 .text.psa_driver_wrapper_init_random
                0x0000000000006530        0x4 secure_fw/partitions/crypto/mbedcrypto/nrf_security_src/core/nrf_oberon/liboberon_psa_core.a(psa_crypto_driver_wrappers.o)
                0x0000000000006530                psa_driver_wrapper_init_random
 .text.psa_driver_wrapper_get_random
                0x0000000000006534       0x22 secure_fw/partitions/crypto/mbedcrypto/nrf_security_src/core/nrf_oberon/liboberon_psa_core.a(psa_crypto_driver_wrappers.o)
                0x0000000000006534                psa_driver_wrapper_get_random
 .text.psa_driver_wrapper_free_random
                0x0000000000006556        0x4 secure_fw/partitions/crypto/mbedcrypto/nrf_security_src/core/nrf_oberon/liboberon_psa_core.a(psa_crypto_driver_wrappers.o)
                0x0000000000006556                psa_driver_wrapper_free_random
 .text          0x000000000000655a       0x5c c:/ncs/toolchains/0b393f9e1b/opt/zephyr-sdk/arm-zephyr-eabi/bin/../lib/gcc/arm-zephyr-eabi/12.2.0/thumb/v8-m.main+fp/hard\libgcc.a(cmse_nonsecure_call.o)
                0x000000000000655a                __gnu_cmse_nonsecure_call
 *(.init)
 *fill*         0x00000000000065b6        0x2 
 .init          0x00000000000065b8        0x4 c:/ncs/toolchains/0b393f9e1b/opt/zephyr-sdk/arm-zephyr-eabi/bin/../lib/gcc/arm-zephyr-eabi/12.2.0/thumb/v8-m.main+fp/hard/crti.o
                0x00000000000065b8                _init
 .init          0x00000000000065bc        0x8 c:/ncs/toolchains/0b393f9e1b/opt/zephyr-sdk/arm-zephyr-eabi/bin/../lib/gcc/arm-zephyr-eabi/12.2.0/thumb/v8-m.main+fp/hard/crtn.o
 *(.fini)
 .fini          0x00000000000065c4        0x4 c:/ncs/toolchains/0b393f9e1b/opt/zephyr-sdk/arm-zephyr-eabi/bin/../lib/gcc/arm-zephyr-eabi/12.2.0/thumb/v8-m.main+fp/hard/crti.o
                0x00000000000065c4                _fini
 .fini          0x00000000000065c8        0x8 c:/ncs/toolchains/0b393f9e1b/opt/zephyr-sdk/arm-zephyr-eabi/bin/../lib/gcc/arm-zephyr-eabi/12.2.0/thumb/v8-m.main+fp/hard/crtn.o
 *crtbegin.o(.ctors)
 *crtbegin?.o(.ctors)
 *(EXCLUDE_FILE(*crtend.o *crtend?.o) .ctors)
 *(SORT_BY_NAME(.ctors.*))
 *(.ctors)
 *crtbegin.o(.dtors)
 *crtbegin?.o(.dtors)
 *(EXCLUDE_FILE(*crtend.o *crtend?.o) .dtors)
 *(SORT_BY_NAME(.dtors.*))
 *(.dtors)
 *(SORT_BY_ALIGNMENT(.rodata*))
 .rodata.ret_err
                0x00000000000065d0        0x4 secure_fw/CMakeFiles/tfm_s.dir/partitions/ns_agent_tz/psa_api_veneers_v80m.o
                0x00000000000065d0                ret_err
 .rodata.CSWTCH.10
                0x00000000000065d4       0x1c C:/ncs/v3.0.0/nrfxlib/crypto/nrf_cc310_platform/lib/cortex-m33/hard-float/no-interrupts/libnrf_cc310_platform_0.9.19.a(nrf_cc3xx_platform.c.obj)
 .rodata.RndStartupTest.constprop.0.str1.4
                0x00000000000065f0       0x6f C:/ncs/v3.0.0/nrfxlib/crypto/nrf_cc310_platform/lib/cortex-m33/hard-float/no-interrupts/libnrf_cc310_platform_0.9.19.a(cc_lib.c.obj)
 *fill*         0x000000000000665f        0x1 
 .rodata.CC_PalPowerSaveModeInit.str1.4
                0x0000000000006660       0x20 C:/ncs/v3.0.0/nrfxlib/crypto/nrf_cc310_platform/lib/cortex-m33/hard-float/no-interrupts/libnrf_cc310_platform_0.9.19.a(cc_pal_pm.c.obj)
 .rodata.mutex_free.str1.4
                0x0000000000006680       0x26 C:/ncs/v3.0.0/nrfxlib/crypto/nrf_cc310_platform/lib/cortex-m33/hard-float/no-interrupts/libnrf_cc310_platform_0.9.19.a(nrf_cc3xx_platform_mutex.c.obj)
 *fill*         0x00000000000066a6        0x2 
 .rodata.mutex_init.str1.4
                0x00000000000066a8       0x23 C:/ncs/v3.0.0/nrfxlib/crypto/nrf_cc310_platform/lib/cortex-m33/hard-float/no-interrupts/libnrf_cc310_platform_0.9.19.a(nrf_cc3xx_platform_mutex.c.obj)
 *fill*         0x00000000000066cb        0x1 
 .rodata.mbedtls_hardware_poll.str1.4
                0x00000000000066cc       0x16 C:/ncs/v3.0.0/nrfxlib/crypto/nrf_cc310_platform/lib/cortex-m33/hard-float/no-interrupts/libnrf_cc310_platform_0.9.19.a(trng_api.c.obj)
                                         0x6e (size before relaxing)
 *fill*         0x00000000000066e2        0x2 
 .rodata.cc_mbedtls_sha256_init.str1.4
                0x00000000000066e4        0xe C:/ncs/v3.0.0/nrfxlib/crypto/nrf_cc310_platform/lib/cortex-m33/hard-float/no-interrupts/libnrf_cc310_platform_0.9.19.a(sha256_alt.c.obj)
 .rodata.ProcessHashDrv.str1.4
                0x00000000000066f2       0x6f C:/ncs/v3.0.0/nrfxlib/crypto/nrf_cc310_platform/lib/cortex-m33/hard-float/no-interrupts/libnrf_cc310_platform_0.9.19.a(hash_driver.c.obj)
 *fill*         0x00000000000066f2        0x2 
 .rodata.HASH_LARVAL_SHA256
                0x00000000000066f4       0x20 C:/ncs/v3.0.0/nrfxlib/crypto/nrf_cc310_platform/lib/cortex-m33/hard-float/no-interrupts/libnrf_cc310_platform_0.9.19.a(hash_driver.c.obj)
 .rodata.HASH_LARVAL_SHA224
                0x0000000000006714       0x20 C:/ncs/v3.0.0/nrfxlib/crypto/nrf_cc310_platform/lib/cortex-m33/hard-float/no-interrupts/libnrf_cc310_platform_0.9.19.a(hash_driver.c.obj)
 .rodata.HASH_LARVAL_SHA1
                0x0000000000006734       0x14 C:/ncs/v3.0.0/nrfxlib/crypto/nrf_cc310_platform/lib/cortex-m33/hard-float/no-interrupts/libnrf_cc310_platform_0.9.19.a(hash_driver.c.obj)
 .rodata._global_impure_ptr
                0x0000000000006748        0x4 c:/ncs/toolchains/0b393f9e1b/opt/zephyr-sdk/arm-zephyr-eabi/bin/../lib/gcc/arm-zephyr-eabi/12.2.0/../../../../arm-zephyr-eabi/lib/thumb/v8-m.main+fp/hard\libc_nano.a(lib_a-impure.o)
                0x0000000000006748                _global_impure_ptr
 .rodata.str1.1
                0x000000000000674c        0xb secure_fw/CMakeFiles/tfm_s.dir/__/generated/secure_fw/partitions/crypto/auto_generated/load_info_tfm_crypto.o
 .rodata.str1.1
                0x0000000000006757       0x15 secure_fw/CMakeFiles/tfm_s.dir/__/generated/secure_fw/partitions/platform/auto_generated/load_info_tfm_platform.o
 *(.eh_frame*)
 .eh_frame      0x000000000000676c        0x0 c:/ncs/toolchains/0b393f9e1b/opt/zephyr-sdk/arm-zephyr-eabi/bin/../lib/gcc/arm-zephyr-eabi/12.2.0/thumb/v8-m.main+fp/hard/crtbegin.o
 .eh_frame      0x000000000000676c        0x4 c:/ncs/toolchains/0b393f9e1b/opt/zephyr-sdk/arm-zephyr-eabi/bin/../lib/gcc/arm-zephyr-eabi/12.2.0/thumb/v8-m.main+fp/hard/crtend.o
                0x0000000000006780                . = ALIGN (0x20)
 *fill*         0x0000000000006770       0x10 
                0x0000000000003e20                Image$$TFM_UNPRIV_CODE_START$$RO$$Base = ADDR (.TFM_UNPRIV_CODE)
                0x0000000000006780                Image$$TFM_UNPRIV_CODE_END$$RO$$Limit = (ADDR (.TFM_UNPRIV_CODE) + SIZEOF (.TFM_UNPRIV_CODE))

.rel.dyn        0x0000000000006780        0x0
 .rel.iplt      0x0000000000006780        0x0 c:/ncs/toolchains/0b393f9e1b/opt/zephyr-sdk/arm-zephyr-eabi/bin/../lib/gcc/arm-zephyr-eabi/12.2.0/thumb/v8-m.main+fp/hard/crtbegin.o

.gnu.sgstubs    0x0000000000007c00       0x40
 *(.gnu.sgstubs*)
 .gnu.sgstubs.__stub
                0x0000000000007c00       0x28 linker stubs
                0x0000000000007c00                tfm_psa_framework_version_veneer
                0x0000000000007c08                tfm_psa_version_veneer
                0x0000000000007c10                tfm_psa_close_veneer
                0x0000000000007c18                tfm_psa_connect_veneer
                0x0000000000007c20                tfm_psa_call_veneer

.sgstubs_end    0x0000000000008000        0x0
                0x0000000000008000                . = ALIGN (0x20)
                0x0000000000007c40                Image$$PT_RO_END$$Base = .

.tfm_secure_data_start
                0x0000000020000000        0x0
                0x0000000020000000                . = ALIGN (0x4)

.tfm_bl2_shared_data
                0x0000000020000000      0x400
                0x0000000020000400                . = (. + 0x400)
 *fill*         0x0000000020000000      0x400 

.msp_stack      0x0000000020000400      0x7f8
                0x0000000020000bf8                . = (. + (__msp_stack_size__ - 0x8))
 *fill*         0x0000000020000400      0x7f8 
                0x0000000020000400                Image$$ARM_LIB_STACK$$ZI$$Base = ADDR (.msp_stack)
                0x0000000020000bf8                Image$$ARM_LIB_STACK$$ZI$$Limit = (ADDR (.msp_stack) + SIZEOF (.msp_stack))

.msp_stack_seal_res
                0x0000000020000bf8        0x8
                0x0000000020000c00                . = (. + 0x8)
 *fill*         0x0000000020000bf8        0x8 
                0x0000000020000bf8                __StackSeal = ADDR (.msp_stack_seal_res)
                0x0000000020000c00                . = ALIGN (0x20)
                0x0000000020000c00                Image$$TFM_APP_RW_STACK_START$$Base = .

.TFM_APP_ROT_LINKER_DATA
                0x0000000020000c00        0x0 load address 0x0000000000007c40
 *tfm_app_rot_partition*:(SORT_BY_ALIGNMENT(.data*))
 *(TFM_*_APP-ROT_ATTR_RW)
                0x0000000020000c00                . = ALIGN (0x4)
                0x0000000020000c00                Image$$TFM_APP_ROT_LINKER_DATA$$RW$$Base = ADDR (.TFM_APP_ROT_LINKER_DATA)
                0x0000000020000c00                Image$$TFM_APP_ROT_LINKER_DATA$$RW$$Limit = (ADDR (.TFM_APP_ROT_LINKER_DATA) + SIZEOF (.TFM_APP_ROT_LINKER_DATA))

.TFM_APP_ROT_LINKER_BSS
                0x0000000020000c00       0x20
                0x0000000020000c00                start_of_TFM_APP_ROT_LINKER = .
 *tfm_app_rot_partition*:(SORT_BY_ALIGNMENT(.bss*))
 *tfm_app_rot_partition*:*(COMMON)
 *(TFM_*_APP-ROT_ATTR_ZI)
                0x0000000020000c04                . = (. + (. - start_of_TFM_APP_ROT_LINKER)?0x0:0x4)
 *fill*         0x0000000020000c00        0x4 
                0x0000000020000c20                . = ALIGN (0x20)
 *fill*         0x0000000020000c04       0x1c 
                0x0000000020000c00                Image$$TFM_APP_ROT_LINKER_DATA$$ZI$$Base = ADDR (.TFM_APP_ROT_LINKER_BSS)
                0x0000000020000c20                Image$$TFM_APP_ROT_LINKER_DATA$$ZI$$Limit = (ADDR (.TFM_APP_ROT_LINKER_BSS) + SIZEOF (.TFM_APP_ROT_LINKER_BSS))
                0x0000000020000c20                Image$$TFM_APP_RW_STACK_END$$Base = .
                0x0000000020000c20                Image$$TFM_PSA_RW_STACK_START$$Base = .

.TFM_PSA_ROT_LINKER_DATA
                0x0000000020000c20        0x0 load address 0x0000000000007c40
 *tfm_psa_rot_partition*:(SORT_BY_ALIGNMENT(.data*))
 *(TFM_*_PSA-ROT_ATTR_RW)
                0x0000000020000c20                . = ALIGN (0x4)
                0x0000000020000c20                Image$$TFM_PSA_ROT_LINKER_DATA$$RW$$Base = ADDR (.TFM_PSA_ROT_LINKER_DATA)
                0x0000000020000c20                Image$$TFM_PSA_ROT_LINKER_DATA$$RW$$Limit = (ADDR (.TFM_PSA_ROT_LINKER_DATA) + SIZEOF (.TFM_PSA_ROT_LINKER_DATA))

.TFM_PSA_ROT_LINKER_BSS
                0x0000000020000c20      0x460
                0x0000000020000c20                start_of_TFM_PSA_ROT_LINKER = .
 *tfm_psa_rot_partition*:(SORT_BY_ALIGNMENT(.bss*))